[2026-09-04T18:54:39.999+0000] {manager.py:470} INFO - Processing files using up to 2 processes at a time 
[2026-09-04T18:54:40.001+0000] {manager.py:471} INFO - Process each file at most once every 30 seconds
[2026-09-04T18:54:40.002+0000] {manager.py:472} INFO - Checking for new files in /opt/airflow/dags every 300 seconds
[2026-09-04T18:54:40.003+0000] {manager.py:737} INFO - Searching for files in /opt/airflow/dags
[2026-09-04T18:54:40.015+0000] {manager.py:740} INFO - There are 1 files in /opt/airflow/dags
[2026-09-04T18:54:40.107+0000] {manager.py:878} INFO - 
================================================================================
DAG File Processing Stats

File Path                                  PID  Runtime      # DAGs    # Errors  Last Runtime    Last Run
---------------------------------------  -----  ---------  --------  ----------  --------------  ----------
/opt/airflow/dags/datapulse_pipeline.py    178  0.04s             0           0
================================================================================
[2026-09-04T18:55:10.323+0000] {manager.py:878} INFO - 
================================================================================
DAG File Processing Stats

File Path                                PID    Runtime      # DAGs    # Errors  Last Runtime    Last Run
---------------------------------------  -----  ---------  --------  ----------  --------------  -------------------
/opt/airflow/dags/datapulse_pipeline.py                           1           0  0.34s           2026-09-04T18:54:40
================================================================================
[2026-09-04T18:55:40.939+0000] {manager.py:878} INFO - 
================================================================================
DAG File Processing Stats

File Path                                  PID  Runtime      # DAGs    # Errors  Last Runtime    Last Run
---------------------------------------  -----  ---------  --------  ----------  --------------  -------------------
/opt/airflow/dags/datapulse_pipeline.py    188  0.00s             1           0  0.18s           2026-09-04T18:55:10
================================================================================
[2026-09-04T18:56:11.336+0000] {manager.py:878} INFO - 
================================================================================
DAG File Processing Stats

File Path                                  PID  Runtime      # DAGs    # Errors  Last Runtime    Last Run
---------------------------------------  -----  ---------  --------  ----------  --------------  -------------------
/opt/airflow/dags/datapulse_pipeline.py    193  0.01s             1           0  0.15s           2026-09-04T18:55:41
================================================================================
[2026-09-04T18:56:41.525+0000] {manager.py:878} INFO - 
================================================================================
DAG File Processing Stats

File Path                                  PID  Runtime      # DAGs    # Errors  Last Runtime    Last Run
---------------------------------------  -----  ---------  --------  ----------  --------------  -------------------
/opt/airflow/dags/datapulse_pipeline.py    204  0.00s             1           0  0.16s           2026-09-04T18:56:11
================================================================================
[2026-09-04T18:57:11.698+0000] {manager.py:878} INFO - 
================================================================================
DAG File Processing Stats

File Path                                  PID  Runtime      # DAGs    # Errors  Last Runtime    Last Run
---------------------------------------  -----  ---------  --------  ----------  --------------  -------------------
/opt/airflow/dags/datapulse_pipeline.py    211  0.01s             1           0  0.13s           2026-09-04T18:56:41
================================================================================
[2026-09-04T18:57:41.946+0000] {manager.py:878} INFO - 
================================================================================
DAG File Processing Stats

File Path                                  PID  Runtime      # DAGs    # Errors  Last Runtime    Last Run
---------------------------------------  -----  ---------  --------  ----------  --------------  -------------------
/opt/airflow/dags/datapulse_pipeline.py    216  0.00s             1           0  0.14s           2026-09-04T18:57:11
================================================================================
[2026-09-04T18:58:12.105+0000] {manager.py:878} INFO - 
================================================================================
DAG File Processing Stats

File Path                                  PID  Runtime      # DAGs    # Errors  Last Runtime    Last Run
---------------------------------------  -----  ---------  --------  ----------  --------------  -------------------
/opt/airflow/dags/datapulse_pipeline.py    221  0.00s             1           0  0.13s           2026-09-04T18:57:42
================================================================================
[2026-09-04T18:58:42.369+0000] {manager.py:878} INFO - 
================================================================================
DAG File Processing Stats

File Path                                  PID  Runtime      # DAGs    # Errors  Last Runtime    Last Run
---------------------------------------  -----  ---------  --------  ----------  --------------  -------------------
/opt/airflow/dags/datapulse_pipeline.py    226  0.01s             1           0  0.15s           2026-09-04T18:58:12
================================================================================
[2026-09-04T18:59:12.536+0000] {manager.py:878} INFO - 
================================================================================
DAG File Processing Stats

File Path                                  PID  Runtime      # DAGs    # Errors  Last Runtime    Last Run
---------------------------------------  -----  ---------  --------  ----------  --------------  -------------------
/opt/airflow/dags/datapulse_pipeline.py    231  0.00s             1           0  0.13s           2026-09-04T18:58:42
================================================================================
[2026-09-04T18:59:40.796+0000] {manager.py:737} INFO - Searching for files in /opt/airflow/dags
[2026-09-04T18:59:40.819+0000] {manager.py:740} INFO - There are 1 files in /opt/airflow/dags
[2026-09-04T18:59:42.871+0000] {manager.py:878} INFO - 
================================================================================
DAG File Processing Stats

File Path                                  PID  Runtime      # DAGs    # Errors  Last Runtime    Last Run
---------------------------------------  -----  ---------  --------  ----------  --------------  -------------------
/opt/airflow/dags/datapulse_pipeline.py    242  0.01s             1           0  0.13s           2026-09-04T18:59:12
================================================================================
[2026-09-04T19:00:13.153+0000] {manager.py:878} INFO - 
================================================================================
DAG File Processing Stats

File Path                                  PID  Runtime      # DAGs    # Errors  Last Runtime    Last Run
---------------------------------------  -----  ---------  --------  ----------  --------------  -------------------
/opt/airflow/dags/datapulse_pipeline.py    247  0.01s             1           0  0.13s           2026-09-04T18:59:42
================================================================================
[2026-09-04T19:00:43.446+0000] {manager.py:878} INFO - 
================================================================================
DAG File Processing Stats

File Path                                  PID  Runtime      # DAGs    # Errors  Last Runtime    Last Run
---------------------------------------  -----  ---------  --------  ----------  --------------  -------------------
/opt/airflow/dags/datapulse_pipeline.py    252  0.01s             1           0  0.14s           2026-09-04T19:00:13
================================================================================
[2026-09-04T19:01:13.770+0000] {manager.py:878} INFO - 
================================================================================
DAG File Processing Stats

File Path                                  PID  Runtime      # DAGs    # Errors  Last Runtime    Last Run
---------------------------------------  -----  ---------  --------  ----------  --------------  -------------------
/opt/airflow/dags/datapulse_pipeline.py    257  0.01s             1           0  0.15s           2026-09-04T19:00:43
================================================================================
[2026-09-04T19:01:44.132+0000] {manager.py:878} INFO - 
================================================================================
DAG File Processing Stats

File Path                                  PID  Runtime      # DAGs    # Errors  Last Runtime    Last Run
---------------------------------------  -----  ---------  --------  ----------  --------------  -------------------
/opt/airflow/dags/datapulse_pipeline.py    262  0.01s             1           0  0.16s           2026-09-04T19:01:13
================================================================================
[2026-09-04T19:02:14.565+0000] {manager.py:878} INFO - 
================================================================================
DAG File Processing Stats

File Path                                  PID  Runtime      # DAGs    # Errors  Last Runtime    Last Run
---------------------------------------  -----  ---------  --------  ----------  --------------  -------------------
/opt/airflow/dags/datapulse_pipeline.py    267  0.01s             1           0  0.23s           2026-09-04T19:01:44
================================================================================
[2026-09-04T19:02:44.952+0000] {manager.py:878} INFO - 
================================================================================
DAG File Processing Stats

File Path                                  PID  Runtime      # DAGs    # Errors  Last Runtime    Last Run
---------------------------------------  -----  ---------  --------  ----------  --------------  -------------------
/opt/airflow/dags/datapulse_pipeline.py    272  0.01s             1           0  0.26s           2026-09-04T19:02:14
================================================================================
[2026-09-04T19:03:15.460+0000] {manager.py:878} INFO - 
================================================================================
DAG File Processing Stats

File Path                                  PID  Runtime      # DAGs    # Errors  Last Runtime    Last Run
---------------------------------------  -----  ---------  --------  ----------  --------------  -------------------
/opt/airflow/dags/datapulse_pipeline.py    277  0.01s             1           0  0.28s           2026-09-04T19:02:45
================================================================================
[2026-09-04T19:03:45.824+0000] {manager.py:878} INFO - 
================================================================================
DAG File Processing Stats

File Path                                  PID  Runtime      # DAGs    # Errors  Last Runtime    Last Run
---------------------------------------  -----  ---------  --------  ----------  --------------  -------------------
/opt/airflow/dags/datapulse_pipeline.py    282  0.01s             1           0  0.26s           2026-09-04T19:03:15
================================================================================
[2026-09-04T19:04:16.287+0000] {manager.py:878} INFO - 
================================================================================
DAG File Processing Stats

File Path                                  PID  Runtime      # DAGs    # Errors  Last Runtime    Last Run
---------------------------------------  -----  ---------  --------  ----------  --------------  -------------------
/opt/airflow/dags/datapulse_pipeline.py    287  0.00s             1           0  0.25s           2026-09-04T19:03:46
================================================================================
[2026-09-04T19:04:41.542+0000] {manager.py:737} INFO - Searching for files in /opt/airflow/dags
[2026-09-04T19:04:41.599+0000] {manager.py:740} INFO - There are 1 files in /opt/airflow/dags
[2026-09-04T19:04:46.702+0000] {manager.py:878} INFO - 
================================================================================
DAG File Processing Stats

File Path                                  PID  Runtime      # DAGs    # Errors  Last Runtime    Last Run
---------------------------------------  -----  ---------  --------  ----------  --------------  -------------------
/opt/airflow/dags/datapulse_pipeline.py    298  0.01s             1           0  0.14s           2026-09-04T19:04:16
================================================================================
[2026-09-04T19:05:17.041+0000] {manager.py:878} INFO - 
================================================================================
DAG File Processing Stats

File Path                                  PID  Runtime      # DAGs    # Errors  Last Runtime    Last Run
---------------------------------------  -----  ---------  --------  ----------  --------------  -------------------
/opt/airflow/dags/datapulse_pipeline.py    303  0.01s             1           0  0.22s           2026-09-04T19:04:46
================================================================================
[2026-09-04T19:05:47.539+0000] {manager.py:878} INFO - 
================================================================================
DAG File Processing Stats

File Path                                  PID  Runtime      # DAGs    # Errors  Last Runtime    Last Run
---------------------------------------  -----  ---------  --------  ----------  --------------  -------------------
/opt/airflow/dags/datapulse_pipeline.py    308  0.01s             1           0  0.25s           2026-09-04T19:05:17
================================================================================
[2026-09-04T19:06:17.882+0000] {manager.py:878} INFO - 
================================================================================
DAG File Processing Stats

File Path                                  PID  Runtime      # DAGs    # Errors  Last Runtime    Last Run
---------------------------------------  -----  ---------  --------  ----------  --------------  -------------------
/opt/airflow/dags/datapulse_pipeline.py    313  0.01s             1           0  0.26s           2026-09-04T19:05:47
================================================================================
[2026-09-04T19:06:48.488+0000] {manager.py:878} INFO - 
================================================================================
DAG File Processing Stats

File Path                                  PID  Runtime      # DAGs    # Errors  Last Runtime    Last Run
---------------------------------------  -----  ---------  --------  ----------  --------------  -------------------
/opt/airflow/dags/datapulse_pipeline.py    318  0.01s             1           0  0.28s           2026-09-04T19:06:18
================================================================================
[2026-09-04T19:07:18.819+0000] {manager.py:878} INFO - 
================================================================================
DAG File Processing Stats

File Path                                  PID  Runtime      # DAGs    # Errors  Last Runtime    Last Run
---------------------------------------  -----  ---------  --------  ----------  --------------  -------------------
/opt/airflow/dags/datapulse_pipeline.py    323  0.01s             1           0  0.25s           2026-09-04T19:06:48
================================================================================
[2026-09-04T19:07:49.335+0000] {manager.py:878} INFO - 
================================================================================
DAG File Processing Stats

File Path                                  PID  Runtime      # DAGs    # Errors  Last Runtime    Last Run
---------------------------------------  -----  ---------  --------  ----------  --------------  -------------------
/opt/airflow/dags/datapulse_pipeline.py    328  0.01s             1           0  0.23s           2026-09-04T19:07:19
================================================================================
[2026-09-04T19:08:19.643+0000] {manager.py:878} INFO - 
================================================================================
DAG File Processing Stats

File Path                                  PID  Runtime      # DAGs    # Errors  Last Runtime    Last Run
---------------------------------------  -----  ---------  --------  ----------  --------------  -------------------
/opt/airflow/dags/datapulse_pipeline.py    333  0.01s             1           0  0.25s           2026-09-04T19:07:49
================================================================================
[2026-09-04T19:08:50.118+0000] {manager.py:878} INFO - 
================================================================================
DAG File Processing Stats

File Path                                  PID  Runtime      # DAGs    # Errors  Last Runtime    Last Run
---------------------------------------  -----  ---------  --------  ----------  --------------  -------------------
/opt/airflow/dags/datapulse_pipeline.py    338  0.01s             1           0  0.23s           2026-09-04T19:08:19
================================================================================
[2026-09-04T19:09:20.384+0000] {manager.py:878} INFO - 
================================================================================
DAG File Processing Stats

File Path                                  PID  Runtime      # DAGs    # Errors  Last Runtime    Last Run
---------------------------------------  -----  ---------  --------  ----------  --------------  -------------------
/opt/airflow/dags/datapulse_pipeline.py    343  0.01s             1           0  0.22s           2026-09-04T19:08:50
================================================================================
[2026-09-04T19:09:21.467+0000] {manager.py:452} INFO - Exiting gracefully upon receiving signal 15
[2026-09-04T19:09:40.789+0000] {manager.py:470} INFO - Processing files using up to 2 processes at a time 
[2026-09-04T19:09:40.791+0000] {manager.py:471} INFO - Process each file at most once every 30 seconds
[2026-09-04T19:09:40.791+0000] {manager.py:472} INFO - Checking for new files in /opt/airflow/dags every 300 seconds
[2026-09-04T19:09:40.793+0000] {manager.py:737} INFO - Searching for files in /opt/airflow/dags
[2026-09-04T19:09:40.820+0000] {manager.py:740} INFO - There are 1 files in /opt/airflow/dags
[2026-09-04T19:09:40.920+0000] {manager.py:878} INFO - 
================================================================================
DAG File Processing Stats

File Path                                  PID  Runtime      # DAGs    # Errors  Last Runtime    Last Run
---------------------------------------  -----  ---------  --------  ----------  --------------  ----------
/opt/airflow/dags/datapulse_pipeline.py    178  0.04s             0           0
================================================================================
[2026-09-04T19:10:11.204+0000] {manager.py:878} INFO - 
================================================================================
DAG File Processing Stats

File Path                                  PID  Runtime      # DAGs    # Errors  Last Runtime    Last Run
---------------------------------------  -----  ---------  --------  ----------  --------------  -------------------
/opt/airflow/dags/datapulse_pipeline.py    183  0.01s             1           0  0.25s           2026-09-04T19:09:41
================================================================================
[2026-09-04T19:10:41.736+0000] {manager.py:878} INFO - 
================================================================================
DAG File Processing Stats

File Path                                  PID  Runtime      # DAGs    # Errors  Last Runtime    Last Run
---------------------------------------  -----  ---------  --------  ----------  --------------  -------------------
/opt/airflow/dags/datapulse_pipeline.py    188  0.01s             1           0  0.24s           2026-09-04T19:10:11
================================================================================
[2026-09-04T19:11:11.967+0000] {manager.py:878} INFO - 
================================================================================
DAG File Processing Stats

File Path                                PID    Runtime      # DAGs    # Errors  Last Runtime    Last Run
---------------------------------------  -----  ---------  --------  ----------  --------------  -------------------
/opt/airflow/dags/datapulse_pipeline.py                           1           0  0.27s           2026-09-04T19:10:41
================================================================================
[2026-09-04T19:11:42.444+0000] {manager.py:878} INFO - 
================================================================================
DAG File Processing Stats

File Path                                  PID  Runtime      # DAGs    # Errors  Last Runtime    Last Run
---------------------------------------  -----  ---------  --------  ----------  --------------  -------------------
/opt/airflow/dags/datapulse_pipeline.py    202  0.01s             1           0  0.19s           2026-09-04T19:11:12
================================================================================
[2026-09-04T19:12:12.821+0000] {manager.py:878} INFO - 
================================================================================
DAG File Processing Stats

File Path                                  PID  Runtime      # DAGs    # Errors  Last Runtime    Last Run
---------------------------------------  -----  ---------  --------  ----------  --------------  -------------------
/opt/airflow/dags/datapulse_pipeline.py    207  0.01s             1           0  0.20s           2026-09-04T19:11:42
================================================================================
[2026-09-04T19:12:43.050+0000] {manager.py:878} INFO - 
================================================================================
DAG File Processing Stats

File Path                                PID    Runtime      # DAGs    # Errors  Last Runtime    Last Run
---------------------------------------  -----  ---------  --------  ----------  --------------  -------------------
/opt/airflow/dags/datapulse_pipeline.py                           1           0  0.24s           2026-09-04T19:12:13
================================================================================
[2026-09-04T19:13:13.460+0000] {manager.py:878} INFO - 
================================================================================
DAG File Processing Stats

File Path                                PID    Runtime      # DAGs    # Errors  Last Runtime    Last Run
---------------------------------------  -----  ---------  --------  ----------  --------------  -------------------
/opt/airflow/dags/datapulse_pipeline.py                           1           0  0.20s           2026-09-04T19:12:43
================================================================================
[2026-09-04T19:13:44.001+0000] {manager.py:878} INFO - 
================================================================================
DAG File Processing Stats

File Path                                  PID  Runtime      # DAGs    # Errors  Last Runtime    Last Run
---------------------------------------  -----  ---------  --------  ----------  --------------  -------------------
/opt/airflow/dags/datapulse_pipeline.py    225  0.01s             1           0  0.19s           2026-09-04T19:13:13
================================================================================
[2026-09-04T19:14:14.440+0000] {manager.py:878} INFO - 
================================================================================
DAG File Processing Stats

File Path                                  PID  Runtime      # DAGs    # Errors  Last Runtime    Last Run
---------------------------------------  -----  ---------  --------  ----------  --------------  -------------------
/opt/airflow/dags/datapulse_pipeline.py    230  0.01s             1           0  0.21s           2026-09-04T19:13:44
================================================================================
[2026-09-04T19:14:40.927+0000] {manager.py:737} INFO - Searching for files in /opt/airflow/dags
[2026-09-04T19:14:40.990+0000] {manager.py:740} INFO - There are 1 files in /opt/airflow/dags
[2026-09-04T19:14:44.779+0000] {manager.py:878} INFO - 
================================================================================
DAG File Processing Stats

File Path                                  PID  Runtime      # DAGs    # Errors  Last Runtime    Last Run
---------------------------------------  -----  ---------  --------  ----------  --------------  -------------------
/opt/airflow/dags/datapulse_pipeline.py    235  0.01s             1           0  0.26s           2026-09-04T19:14:14
================================================================================
[2026-09-04T19:15:15.096+0000] {manager.py:878} INFO - 
================================================================================
DAG File Processing Stats

File Path                                  PID  Runtime      # DAGs    # Errors  Last Runtime    Last Run
---------------------------------------  -----  ---------  --------  ----------  --------------  -------------------
/opt/airflow/dags/datapulse_pipeline.py    240  0.01s             1           0  0.28s           2026-09-04T19:14:45
================================================================================
[2026-09-04T19:15:45.529+0000] {manager.py:878} INFO - 
================================================================================
DAG File Processing Stats

File Path                                  PID  Runtime      # DAGs    # Errors  Last Runtime    Last Run
---------------------------------------  -----  ---------  --------  ----------  --------------  -------------------
/opt/airflow/dags/datapulse_pipeline.py    245  0.01s             1           0  0.22s           2026-09-04T19:15:15
================================================================================
[2026-09-04T19:16:15.885+0000] {manager.py:878} INFO - 
================================================================================
DAG File Processing Stats

File Path                                  PID  Runtime      # DAGs    # Errors  Last Runtime    Last Run
---------------------------------------  -----  ---------  --------  ----------  --------------  -------------------
/opt/airflow/dags/datapulse_pipeline.py    250  0.01s             1           0  0.24s           2026-09-04T19:15:45
================================================================================
[2026-09-04T19:16:46.311+0000] {manager.py:878} INFO - 
================================================================================
DAG File Processing Stats

File Path                                  PID  Runtime      # DAGs    # Errors  Last Runtime    Last Run
---------------------------------------  -----  ---------  --------  ----------  --------------  -------------------
/opt/airflow/dags/datapulse_pipeline.py    255  0.01s             1           0  0.26s           2026-09-04T19:16:16
================================================================================
[2026-09-04T19:17:16.719+0000] {manager.py:878} INFO - 
================================================================================
DAG File Processing Stats

File Path                                  PID  Runtime      # DAGs    # Errors  Last Runtime    Last Run
---------------------------------------  -----  ---------  --------  ----------  --------------  -------------------
/opt/airflow/dags/datapulse_pipeline.py    260  0.01s             1           0  0.21s           2026-09-04T19:16:46
================================================================================
[2026-09-04T19:17:47.124+0000] {manager.py:878} INFO - 
================================================================================
DAG File Processing Stats

File Path                                  PID  Runtime      # DAGs    # Errors  Last Runtime    Last Run
---------------------------------------  -----  ---------  --------  ----------  --------------  -------------------
/opt/airflow/dags/datapulse_pipeline.py    265  0.01s             1           0  0.25s           2026-09-04T19:17:16
================================================================================
[2026-09-04T19:18:17.569+0000] {manager.py:878} INFO - 
================================================================================
DAG File Processing Stats

File Path                                  PID  Runtime      # DAGs    # Errors  Last Runtime    Last Run
---------------------------------------  -----  ---------  --------  ----------  --------------  -------------------
/opt/airflow/dags/datapulse_pipeline.py    273  0.01s             1           0  0.27s           2026-09-04T19:17:47
================================================================================
[2026-09-04T19:18:47.988+0000] {manager.py:878} INFO - 
================================================================================
DAG File Processing Stats

File Path                                  PID  Runtime      # DAGs    # Errors  Last Runtime    Last Run
---------------------------------------  -----  ---------  --------  ----------  --------------  -------------------
/opt/airflow/dags/datapulse_pipeline.py    278  0.01s             1           0  0.22s           2026-09-04T19:18:17
================================================================================
[2026-09-04T19:19:18.345+0000] {manager.py:878} INFO - 
================================================================================
DAG File Processing Stats

File Path                                  PID  Runtime      # DAGs    # Errors  Last Runtime    Last Run
---------------------------------------  -----  ---------  --------  ----------  --------------  -------------------
/opt/airflow/dags/datapulse_pipeline.py    283  0.01s             1           0  0.28s           2026-09-04T19:18:48
================================================================================
[2026-09-04T19:19:41.735+0000] {manager.py:737} INFO - Searching for files in /opt/airflow/dags
[2026-09-04T19:19:41.786+0000] {manager.py:740} INFO - There are 1 files in /opt/airflow/dags
[2026-09-04T19:19:48.902+0000] {manager.py:878} INFO - 
================================================================================
DAG File Processing Stats

File Path                                  PID  Runtime      # DAGs    # Errors  Last Runtime    Last Run
---------------------------------------  -----  ---------  --------  ----------  --------------  -------------------
/opt/airflow/dags/datapulse_pipeline.py    288  0.00s             1           0  0.25s           2026-09-04T19:19:18
================================================================================
[2026-09-04T19:20:19.232+0000] {manager.py:878} INFO - 
================================================================================
DAG File Processing Stats

File Path                                  PID  Runtime      # DAGs    # Errors  Last Runtime    Last Run
---------------------------------------  -----  ---------  --------  ----------  --------------  -------------------
/opt/airflow/dags/datapulse_pipeline.py    293  0.01s             1           0  0.21s           2026-09-04T19:19:49
================================================================================
[2026-09-04T19:20:49.724+0000] {manager.py:878} INFO - 
================================================================================
DAG File Processing Stats

File Path                                  PID  Runtime      # DAGs    # Errors  Last Runtime    Last Run
---------------------------------------  -----  ---------  --------  ----------  --------------  -------------------
/opt/airflow/dags/datapulse_pipeline.py    298  0.01s             1           0  0.24s           2026-09-04T19:20:19
================================================================================
[2026-09-04T19:21:20.092+0000] {manager.py:878} INFO - 
================================================================================
DAG File Processing Stats

File Path                                  PID  Runtime      # DAGs    # Errors  Last Runtime    Last Run
---------------------------------------  -----  ---------  --------  ----------  --------------  -------------------
/opt/airflow/dags/datapulse_pipeline.py    303  0.01s             1           0  0.23s           2026-09-04T19:20:49
================================================================================
[2026-09-04T19:21:50.584+0000] {manager.py:878} INFO - 
================================================================================
DAG File Processing Stats

File Path                                  PID  Runtime      # DAGs    # Errors  Last Runtime    Last Run
---------------------------------------  -----  ---------  --------  ----------  --------------  -------------------
/opt/airflow/dags/datapulse_pipeline.py    308  0.01s             1           0  0.30s           2026-09-04T19:21:20
================================================================================
[2026-09-04T19:22:21.041+0000] {manager.py:878} INFO - 
================================================================================
DAG File Processing Stats

File Path                                  PID  Runtime      # DAGs    # Errors  Last Runtime    Last Run
---------------------------------------  -----  ---------  --------  ----------  --------------  -------------------
/opt/airflow/dags/datapulse_pipeline.py    313  0.01s             1           0  0.25s           2026-09-04T19:21:50
================================================================================
[2026-09-04T19:22:51.461+0000] {manager.py:878} INFO - 
================================================================================
DAG File Processing Stats

File Path                                  PID  Runtime      # DAGs    # Errors  Last Runtime    Last Run
---------------------------------------  -----  ---------  --------  ----------  --------------  -------------------
/opt/airflow/dags/datapulse_pipeline.py    318  0.01s             1           0  0.24s           2026-09-04T19:22:21
================================================================================
[2026-09-04T19:23:21.911+0000] {manager.py:878} INFO - 
================================================================================
DAG File Processing Stats

File Path                                  PID  Runtime      # DAGs    # Errors  Last Runtime    Last Run
---------------------------------------  -----  ---------  --------  ----------  --------------  -------------------
/opt/airflow/dags/datapulse_pipeline.py    323  0.01s             1           0  0.22s           2026-09-04T19:22:51
================================================================================
[2026-09-04T19:23:35.872+0000] {manager.py:452} INFO - Exiting gracefully upon receiving signal 15
[2026-09-04T19:23:54.705+0000] {manager.py:470} INFO - Processing files using up to 2 processes at a time 
[2026-09-04T19:23:54.706+0000] {manager.py:471} INFO - Process each file at most once every 30 seconds
[2026-09-04T19:23:54.707+0000] {manager.py:472} INFO - Checking for new files in /opt/airflow/dags every 300 seconds
[2026-09-04T19:23:54.709+0000] {manager.py:737} INFO - Searching for files in /opt/airflow/dags
[2026-09-04T19:23:56.532+0000] {manager.py:740} INFO - There are 1 files in /opt/airflow/dags
[2026-09-04T19:23:56.663+0000] {manager.py:878} INFO - 
================================================================================
DAG File Processing Stats

File Path                                  PID  Runtime      # DAGs    # Errors  Last Runtime    Last Run
---------------------------------------  -----  ---------  --------  ----------  --------------  ----------
/opt/airflow/dags/datapulse_pipeline.py    178  0.04s             0           0
================================================================================
[2026-09-04T19:24:26.984+0000] {manager.py:878} INFO - 
================================================================================
DAG File Processing Stats

File Path                                  PID  Runtime      # DAGs    # Errors  Last Runtime    Last Run
---------------------------------------  -----  ---------  --------  ----------  --------------  -------------------
/opt/airflow/dags/datapulse_pipeline.py    183  0.01s             1           0  0.19s           2026-09-04T19:23:56
================================================================================
[2026-09-04T19:24:57.351+0000] {manager.py:878} INFO - 
================================================================================
DAG File Processing Stats

File Path                                  PID  Runtime      # DAGs    # Errors  Last Runtime    Last Run
---------------------------------------  -----  ---------  --------  ----------  --------------  -------------------
/opt/airflow/dags/datapulse_pipeline.py    188  0.01s             1           0  0.26s           2026-09-04T19:24:27
================================================================================
[2026-09-04T19:25:27.777+0000] {manager.py:878} INFO - 
================================================================================
DAG File Processing Stats

File Path                                  PID  Runtime      # DAGs    # Errors  Last Runtime    Last Run
---------------------------------------  -----  ---------  --------  ----------  --------------  -------------------
/opt/airflow/dags/datapulse_pipeline.py    197  0.01s             1           0  0.20s           2026-09-04T19:24:57
================================================================================
[2026-09-04T19:25:58.036+0000] {manager.py:878} INFO - 
================================================================================
DAG File Processing Stats

File Path                                PID    Runtime      # DAGs    # Errors  Last Runtime    Last Run
---------------------------------------  -----  ---------  --------  ----------  --------------  -------------------
/opt/airflow/dags/datapulse_pipeline.py                           1           0  0.27s           2026-09-04T19:25:28
================================================================================
[2026-09-04T19:26:28.475+0000] {manager.py:878} INFO - 
================================================================================
DAG File Processing Stats

File Path                                PID    Runtime      # DAGs    # Errors  Last Runtime    Last Run
---------------------------------------  -----  ---------  --------  ----------  --------------  -------------------
/opt/airflow/dags/datapulse_pipeline.py                           1           0  0.23s           2026-09-04T19:25:58
================================================================================
[2026-09-04T19:26:58.940+0000] {manager.py:878} INFO - 
================================================================================
DAG File Processing Stats

File Path                                PID    Runtime      # DAGs    # Errors  Last Runtime    Last Run
---------------------------------------  -----  ---------  --------  ----------  --------------  -------------------
/opt/airflow/dags/datapulse_pipeline.py                           1           0  0.23s           2026-09-04T19:26:28
================================================================================
[2026-09-04T19:27:29.390+0000] {manager.py:878} INFO - 
================================================================================
DAG File Processing Stats

File Path                                PID    Runtime      # DAGs    # Errors  Last Runtime    Last Run
---------------------------------------  -----  ---------  --------  ----------  --------------  -------------------
/opt/airflow/dags/datapulse_pipeline.py                           1           0  0.22s           2026-09-04T19:26:59
================================================================================
[2026-09-04T19:27:59.893+0000] {manager.py:878} INFO - 
================================================================================
DAG File Processing Stats

File Path                                  PID  Runtime      # DAGs    # Errors  Last Runtime    Last Run
---------------------------------------  -----  ---------  --------  ----------  --------------  -------------------
/opt/airflow/dags/datapulse_pipeline.py    258  0.01s             1           0  0.23s           2026-09-04T19:27:29
================================================================================
[2026-09-04T19:28:30.383+0000] {manager.py:878} INFO - 
================================================================================
DAG File Processing Stats

File Path                                  PID  Runtime      # DAGs    # Errors  Last Runtime    Last Run
---------------------------------------  -----  ---------  --------  ----------  --------------  -------------------
/opt/airflow/dags/datapulse_pipeline.py    263  0.01s             1           0  0.25s           2026-09-04T19:28:00
================================================================================
[2026-09-04T19:28:54.710+0000] {manager.py:737} INFO - Searching for files in /opt/airflow/dags
[2026-09-04T19:28:56.703+0000] {manager.py:740} INFO - There are 1 files in /opt/airflow/dags
[2026-09-04T19:29:00.796+0000] {manager.py:878} INFO - 
================================================================================
DAG File Processing Stats

File Path                                  PID  Runtime      # DAGs    # Errors  Last Runtime    Last Run
---------------------------------------  -----  ---------  --------  ----------  --------------  -------------------
/opt/airflow/dags/datapulse_pipeline.py    268  0.01s             1           0  0.14s           2026-09-04T19:28:30
================================================================================
[2026-09-04T19:29:31.147+0000] {manager.py:878} INFO - 
================================================================================
DAG File Processing Stats

File Path                                  PID  Runtime      # DAGs    # Errors  Last Runtime    Last Run
---------------------------------------  -----  ---------  --------  ----------  --------------  -------------------
/opt/airflow/dags/datapulse_pipeline.py    273  0.01s             1           0  0.26s           2026-09-04T19:29:01
================================================================================
[2026-09-04T19:30:01.676+0000] {manager.py:878} INFO - 
================================================================================
DAG File Processing Stats

File Path                                  PID  Runtime      # DAGs    # Errors  Last Runtime    Last Run
---------------------------------------  -----  ---------  --------  ----------  --------------  -------------------
/opt/airflow/dags/datapulse_pipeline.py    278  0.01s             1           0  0.27s           2026-09-04T19:29:31
================================================================================
[2026-09-04T19:30:32.025+0000] {manager.py:878} INFO - 
================================================================================
DAG File Processing Stats

File Path                                  PID  Runtime      # DAGs    # Errors  Last Runtime    Last Run
---------------------------------------  -----  ---------  --------  ----------  --------------  -------------------
/opt/airflow/dags/datapulse_pipeline.py    283  0.01s             1           0  0.25s           2026-09-04T19:30:01
================================================================================
[2026-09-04T19:31:02.537+0000] {manager.py:878} INFO - 
================================================================================
DAG File Processing Stats

File Path                                  PID  Runtime      # DAGs    # Errors  Last Runtime    Last Run
---------------------------------------  -----  ---------  --------  ----------  --------------  -------------------
/opt/airflow/dags/datapulse_pipeline.py    288  0.01s             1           0  0.25s           2026-09-04T19:30:32
================================================================================
[2026-09-04T19:31:32.909+0000] {manager.py:878} INFO - 
================================================================================
DAG File Processing Stats

File Path                                  PID  Runtime      # DAGs    # Errors  Last Runtime    Last Run
---------------------------------------  -----  ---------  --------  ----------  --------------  -------------------
/opt/airflow/dags/datapulse_pipeline.py    293  0.01s             1           0  0.22s           2026-09-04T19:31:02
================================================================================
[2026-09-04T19:32:03.416+0000] {manager.py:878} INFO - 
================================================================================
DAG File Processing Stats

File Path                                  PID  Runtime      # DAGs    # Errors  Last Runtime    Last Run
---------------------------------------  -----  ---------  --------  ----------  --------------  -------------------
/opt/airflow/dags/datapulse_pipeline.py    298  0.01s             1           0  0.27s           2026-09-04T19:31:33
================================================================================
[2026-09-04T19:32:33.764+0000] {manager.py:878} INFO - 
================================================================================
DAG File Processing Stats

File Path                                  PID  Runtime      # DAGs    # Errors  Last Runtime    Last Run
---------------------------------------  -----  ---------  --------  ----------  --------------  -------------------
/opt/airflow/dags/datapulse_pipeline.py    303  0.01s             1           0  0.23s           2026-09-04T19:32:03
================================================================================
[2026-09-04T19:33:04.281+0000] {manager.py:878} INFO - 
================================================================================
DAG File Processing Stats

File Path                                  PID  Runtime      # DAGs    # Errors  Last Runtime    Last Run
---------------------------------------  -----  ---------  --------  ----------  --------------  -------------------
/opt/airflow/dags/datapulse_pipeline.py    308  0.01s             1           0  0.26s           2026-09-04T19:32:34
================================================================================
[2026-09-04T19:33:34.593+0000] {manager.py:878} INFO - 
================================================================================
DAG File Processing Stats

File Path                                  PID  Runtime      # DAGs    # Errors  Last Runtime    Last Run
---------------------------------------  -----  ---------  --------  ----------  --------------  -------------------
/opt/airflow/dags/datapulse_pipeline.py    313  0.00s             1           0  0.25s           2026-09-04T19:33:04
================================================================================
[2026-09-04T19:33:54.800+0000] {manager.py:737} INFO - Searching for files in /opt/airflow/dags
[2026-09-04T19:33:56.880+0000] {manager.py:740} INFO - There are 1 files in /opt/airflow/dags
[2026-09-04T19:34:05.019+0000] {manager.py:878} INFO - 
================================================================================
DAG File Processing Stats

File Path                                  PID  Runtime      # DAGs    # Errors  Last Runtime    Last Run
---------------------------------------  -----  ---------  --------  ----------  --------------  -------------------
/opt/airflow/dags/datapulse_pipeline.py    318  0.01s             1           0  0.15s           2026-09-04T19:33:34
================================================================================
[2026-09-04T19:34:35.358+0000] {manager.py:878} INFO - 
================================================================================
DAG File Processing Stats

File Path                                  PID  Runtime      # DAGs    # Errors  Last Runtime    Last Run
---------------------------------------  -----  ---------  --------  ----------  --------------  -------------------
/opt/airflow/dags/datapulse_pipeline.py    323  0.01s             1           0  0.23s           2026-09-04T19:34:05
================================================================================
[2026-09-04T19:35:05.857+0000] {manager.py:878} INFO - 
================================================================================
DAG File Processing Stats

File Path                                  PID  Runtime      # DAGs    # Errors  Last Runtime    Last Run
---------------------------------------  -----  ---------  --------  ----------  --------------  -------------------
/opt/airflow/dags/datapulse_pipeline.py    328  0.01s             1           0  0.26s           2026-09-04T19:34:35
================================================================================
[2026-09-04T19:35:36.228+0000] {manager.py:878} INFO - 
================================================================================
DAG File Processing Stats

File Path                                  PID  Runtime      # DAGs    # Errors  Last Runtime    Last Run
---------------------------------------  -----  ---------  --------  ----------  --------------  -------------------
/opt/airflow/dags/datapulse_pipeline.py    333  0.01s             1           0  0.25s           2026-09-04T19:35:06
================================================================================
[2026-09-04T19:36:06.716+0000] {manager.py:878} INFO - 
================================================================================
DAG File Processing Stats

File Path                                  PID  Runtime      # DAGs    # Errors  Last Runtime    Last Run
---------------------------------------  -----  ---------  --------  ----------  --------------  -------------------
/opt/airflow/dags/datapulse_pipeline.py    338  0.01s             1           0  0.24s           2026-09-04T19:35:36
================================================================================
[2026-09-04T19:36:37.095+0000] {manager.py:878} INFO - 
================================================================================
DAG File Processing Stats

File Path                                  PID  Runtime      # DAGs    # Errors  Last Runtime    Last Run
---------------------------------------  -----  ---------  --------  ----------  --------------  -------------------
/opt/airflow/dags/datapulse_pipeline.py    343  0.01s             1           0  0.25s           2026-09-04T19:36:06
================================================================================
[2026-09-04T19:37:07.598+0000] {manager.py:878} INFO - 
================================================================================
DAG File Processing Stats

File Path                                  PID  Runtime      # DAGs    # Errors  Last Runtime    Last Run
---------------------------------------  -----  ---------  --------  ----------  --------------  -------------------
/opt/airflow/dags/datapulse_pipeline.py    348  0.01s             1           0  0.24s           2026-09-04T19:36:37
================================================================================
[2026-09-04T19:37:37.948+0000] {manager.py:878} INFO - 
================================================================================
DAG File Processing Stats

File Path                                  PID  Runtime      # DAGs    # Errors  Last Runtime    Last Run
---------------------------------------  -----  ---------  --------  ----------  --------------  -------------------
/opt/airflow/dags/datapulse_pipeline.py    353  0.01s             1           0  0.28s           2026-09-04T19:37:07
================================================================================
[2026-09-04T19:38:08.298+0000] {manager.py:878} INFO - 
================================================================================
DAG File Processing Stats

File Path                                  PID  Runtime      # DAGs    # Errors  Last Runtime    Last Run
---------------------------------------  -----  ---------  --------  ----------  --------------  -------------------
/opt/airflow/dags/datapulse_pipeline.py    358  0.02s             1           0  0.18s           2026-09-04T19:37:38
================================================================================
[2026-09-04T19:38:38.713+0000] {manager.py:878} INFO - 
================================================================================
DAG File Processing Stats

File Path                                  PID  Runtime      # DAGs    # Errors  Last Runtime    Last Run
---------------------------------------  -----  ---------  --------  ----------  --------------  -------------------
/opt/airflow/dags/datapulse_pipeline.py    363  0.01s             1           0  0.38s           2026-09-04T19:38:08
================================================================================
[2026-09-04T19:38:55.052+0000] {manager.py:737} INFO - Searching for files in /opt/airflow/dags
[2026-09-04T19:38:56.580+0000] {manager.py:740} INFO - There are 1 files in /opt/airflow/dags
[2026-09-04T19:39:09.752+0000] {manager.py:878} INFO - 
================================================================================
DAG File Processing Stats

File Path                                  PID  Runtime      # DAGs    # Errors  Last Runtime    Last Run
---------------------------------------  -----  ---------  --------  ----------  --------------  -------------------
/opt/airflow/dags/datapulse_pipeline.py    368  0.01s             1           0  0.21s           2026-09-04T19:38:38
================================================================================
[2026-09-04T19:39:40.109+0000] {manager.py:878} INFO - 
================================================================================
DAG File Processing Stats

File Path                                  PID  Runtime      # DAGs    # Errors  Last Runtime    Last Run
---------------------------------------  -----  ---------  --------  ----------  --------------  -------------------
/opt/airflow/dags/datapulse_pipeline.py    373  0.01s             1           0  0.28s           2026-09-04T19:39:10
================================================================================
[2026-09-04T19:40:10.647+0000] {manager.py:878} INFO - 
================================================================================
DAG File Processing Stats

File Path                                  PID  Runtime      # DAGs    # Errors  Last Runtime    Last Run
---------------------------------------  -----  ---------  --------  ----------  --------------  -------------------
/opt/airflow/dags/datapulse_pipeline.py    378  0.01s             1           0  0.27s           2026-09-04T19:39:40
================================================================================
[2026-09-04T19:40:40.967+0000] {manager.py:878} INFO - 
================================================================================
DAG File Processing Stats

File Path                                  PID  Runtime      # DAGs    # Errors  Last Runtime    Last Run
---------------------------------------  -----  ---------  --------  ----------  --------------  -------------------
/opt/airflow/dags/datapulse_pipeline.py    383  0.01s             1           0  0.27s           2026-09-04T19:40:10
================================================================================
[2026-09-04T19:41:11.531+0000] {manager.py:878} INFO - 
================================================================================
DAG File Processing Stats

File Path                                  PID  Runtime      # DAGs    # Errors  Last Runtime    Last Run
---------------------------------------  -----  ---------  --------  ----------  --------------  -------------------
/opt/airflow/dags/datapulse_pipeline.py    388  0.02s             1           0  0.22s           2026-09-04T19:40:41
================================================================================
[2026-09-04T19:41:41.954+0000] {manager.py:878} INFO - 
================================================================================
DAG File Processing Stats

File Path                                  PID  Runtime      # DAGs    # Errors  Last Runtime    Last Run
---------------------------------------  -----  ---------  --------  ----------  --------------  -------------------
/opt/airflow/dags/datapulse_pipeline.py    393  0.01s             1           0  0.29s           2026-09-04T19:41:11
================================================================================
[2026-09-04T19:42:12.573+0000] {manager.py:878} INFO - 
================================================================================
DAG File Processing Stats

File Path                                  PID  Runtime      # DAGs    # Errors  Last Runtime    Last Run
---------------------------------------  -----  ---------  --------  ----------  --------------  -------------------
/opt/airflow/dags/datapulse_pipeline.py    398  0.01s             1           0  0.25s           2026-09-04T19:41:42
================================================================================
[2026-09-04T19:42:42.954+0000] {manager.py:878} INFO - 
================================================================================
DAG File Processing Stats

File Path                                  PID  Runtime      # DAGs    # Errors  Last Runtime    Last Run
---------------------------------------  -----  ---------  --------  ----------  --------------  -------------------
/opt/airflow/dags/datapulse_pipeline.py    403  0.01s             1           0  0.29s           2026-09-04T19:42:12
================================================================================
[2026-09-04T19:43:13.556+0000] {manager.py:878} INFO - 
================================================================================
DAG File Processing Stats

File Path                                  PID  Runtime      # DAGs    # Errors  Last Runtime    Last Run
---------------------------------------  -----  ---------  --------  ----------  --------------  -------------------
/opt/airflow/dags/datapulse_pipeline.py    408  0.01s             1           0  0.27s           2026-09-04T19:42:43
================================================================================
[2026-09-04T19:43:43.965+0000] {manager.py:878} INFO - 
================================================================================
DAG File Processing Stats

File Path                                  PID  Runtime      # DAGs    # Errors  Last Runtime    Last Run
---------------------------------------  -----  ---------  --------  ----------  --------------  -------------------
/opt/airflow/dags/datapulse_pipeline.py    413  0.01s             1           0  0.24s           2026-09-04T19:43:13
================================================================================
[2026-09-04T19:43:55.216+0000] {manager.py:737} INFO - Searching for files in /opt/airflow/dags
[2026-09-04T19:43:57.109+0000] {manager.py:740} INFO - There are 1 files in /opt/airflow/dags
[2026-09-04T19:44:14.345+0000] {manager.py:878} INFO - 
================================================================================
DAG File Processing Stats

File Path                                  PID  Runtime      # DAGs    # Errors  Last Runtime    Last Run
---------------------------------------  -----  ---------  --------  ----------  --------------  -------------------
/opt/airflow/dags/datapulse_pipeline.py    418  0.01s             1           0  0.27s           2026-09-04T19:43:44
================================================================================
[2026-09-04T19:44:44.707+0000] {manager.py:878} INFO - 
================================================================================
DAG File Processing Stats

File Path                                  PID  Runtime      # DAGs    # Errors  Last Runtime    Last Run
---------------------------------------  -----  ---------  --------  ----------  --------------  -------------------
/opt/airflow/dags/datapulse_pipeline.py    423  0.02s             1           0  0.25s           2026-09-04T19:44:14
================================================================================
