[2026-09-04T19:27:40.775+0000] {local_task_job_runner.py:120} INFO - ::group::Pre task execution logs
[2026-09-04T19:27:40.835+0000] {taskinstance.py:2076} INFO - Dependencies all met for dep_context=non-requeueable deps ti=<TaskInstance: datapulse_pipeline.dbt_run manual__2026-09-04T19:24:56.488557+00:00 [queued]>
[2026-09-04T19:27:40.847+0000] {taskinstance.py:2076} INFO - Dependencies all met for dep_context=requeueable deps ti=<TaskInstance: datapulse_pipeline.dbt_run manual__2026-09-04T19:24:56.488557+00:00 [queued]>
[2026-09-04T19:27:40.850+0000] {taskinstance.py:2306} INFO - Starting attempt 1 of 2
[2026-09-04T19:27:40.870+0000] {taskinstance.py:2330} INFO - Executing <Task(BashOperator): dbt_run> on 2026-09-04 19:24:56.488557+00:00
[2026-09-04T19:27:40.880+0000] {logging_mixin.py:188} WARNING - /home/***/.local/lib/python3.12/site-packages/***/task/task_runner/standard_task_runner.py:62 DeprecationWarning: This process (pid=222) is multi-threaded, use of fork() may lead to deadlocks in the child.
[2026-09-04T19:27:40.883+0000] {standard_task_runner.py:64} INFO - Started process 223 to run task
[2026-09-04T19:27:40.883+0000] {standard_task_runner.py:90} INFO - Running: ['***', 'tasks', 'run', 'datapulse_pipeline', 'dbt_run', 'manual__2026-09-04T19:24:56.488557+00:00', '--job-id', '18', '--raw', '--subdir', 'DAGS_FOLDER/datapulse_pipeline.py', '--cfg-path', '/tmp/tmp1nsgtstr']
[2026-09-04T19:27:40.886+0000] {standard_task_runner.py:91} INFO - Job 18: Subtask dbt_run
[2026-09-04T19:27:40.976+0000] {task_command.py:426} INFO - Running <TaskInstance: datapulse_pipeline.dbt_run manual__2026-09-04T19:24:56.488557+00:00 [running]> on host defc8df5fe5c
[2026-09-04T19:27:41.085+0000] {taskinstance.py:2648} INFO - Exporting env vars: AIRFLOW_CTX_DAG_OWNER='datapulse' AIRFLOW_CTX_DAG_ID='datapulse_pipeline' AIRFLOW_CTX_TASK_ID='dbt_run' AIRFLOW_CTX_EXECUTION_DATE='2026-09-04T19:24:56.488557+00:00' AIRFLOW_CTX_TRY_NUMBER='1' AIRFLOW_CTX_DAG_RUN_ID='manual__2026-09-04T19:24:56.488557+00:00'
[2026-09-04T19:27:41.086+0000] {taskinstance.py:430} INFO - ::endgroup::
[2026-09-04T19:27:41.106+0000] {subprocess.py:63} INFO - Tmp dir root location: /tmp
[2026-09-04T19:27:41.108+0000] {subprocess.py:75} INFO - Running command: ['/usr/bin/bash', '-c', 'dbt run --profiles-dir /opt/***/dags/datapulse --project-dir /opt/***/dags/datapulse']
[2026-09-04T19:27:41.122+0000] {subprocess.py:86} INFO - Output:
[2026-09-04T19:27:43.826+0000] {subprocess.py:93} INFO - [0m19:27:43  Running with dbt=1.12.3
[2026-09-04T19:27:44.152+0000] {subprocess.py:93} INFO - [0m19:27:44  Registered adapter: postgres=1.11.0
[2026-09-04T19:27:44.456+0000] {subprocess.py:93} INFO - [0m19:27:44  Unable to do partial parsing because profile has changed
[2026-09-04T19:27:47.127+0000] {subprocess.py:93} INFO - [0m19:27:47  Found 8 models, 7 data tests, 3 sources, 477 macros
[2026-09-04T19:27:47.133+0000] {subprocess.py:93} INFO - [0m19:27:47
[2026-09-04T19:27:47.134+0000] {subprocess.py:93} INFO - [0m19:27:47  Concurrency: 4 threads (target='dev')
[2026-09-04T19:27:47.136+0000] {subprocess.py:93} INFO - [0m19:27:47
[2026-09-04T19:27:47.285+0000] {subprocess.py:93} INFO - [0m19:27:47  1 of 8 START sql view model public.stg_hospitals ............................... [RUN]
[2026-09-04T19:27:47.286+0000] {subprocess.py:93} INFO - [0m19:27:47  2 of 8 START sql view model public.stg_infections .............................. [RUN]
[2026-09-04T19:27:47.288+0000] {subprocess.py:93} INFO - [0m19:27:47  3 of 8 START sql view model public.stg_pipeline_runs ........................... [RUN]
[2026-09-04T19:27:47.576+0000] {subprocess.py:93} INFO - [0m19:27:47  1 of 8 OK created sql view model public.stg_hospitals .......................... [[32mCREATE VIEW[0m in 0.28s]
[2026-09-04T19:27:47.582+0000] {subprocess.py:93} INFO - [0m19:27:47  2 of 8 OK created sql view model public.stg_infections ......................... [[32mCREATE VIEW[0m in 0.29s]
[2026-09-04T19:27:47.585+0000] {subprocess.py:93} INFO - [0m19:27:47  3 of 8 OK created sql view model public.stg_pipeline_runs ...................... [[32mCREATE VIEW[0m in 0.29s]
[2026-09-04T19:27:47.594+0000] {subprocess.py:93} INFO - [0m19:27:47  4 of 8 START sql view model public.int_hospital_quality ........................ [RUN]
[2026-09-04T19:27:47.730+0000] {subprocess.py:93} INFO - [0m19:27:47  4 of 8 OK created sql view model public.int_hospital_quality ................... [[32mCREATE VIEW[0m in 0.13s]
[2026-09-04T19:27:47.739+0000] {subprocess.py:93} INFO - [0m19:27:47  5 of 8 START sql view model public.int_state_metrics ........................... [RUN]
[2026-09-04T19:27:47.742+0000] {subprocess.py:93} INFO - [0m19:27:47  6 of 8 START sql view model public.mart_data_quality ........................... [RUN]
[2026-09-04T19:27:47.745+0000] {subprocess.py:93} INFO - [0m19:27:47  7 of 8 START sql view model public.mart_hospital_quality ....................... [RUN]
[2026-09-04T19:27:47.958+0000] {subprocess.py:93} INFO - [0m19:27:47  6 of 8 OK created sql view model public.mart_data_quality ...................... [[32mCREATE VIEW[0m in 0.20s]
[2026-09-04T19:27:47.966+0000] {subprocess.py:93} INFO - [0m19:27:47  5 of 8 OK created sql view model public.int_state_metrics ...................... [[32mCREATE VIEW[0m in 0.21s]
[2026-09-04T19:27:47.968+0000] {subprocess.py:93} INFO - [0m19:27:47  7 of 8 OK created sql view model public.mart_hospital_quality .................. [[32mCREATE VIEW[0m in 0.21s]
[2026-09-04T19:27:47.979+0000] {subprocess.py:93} INFO - [0m19:27:47  8 of 8 START sql view model public.mart_state_health_summary ................... [RUN]
[2026-09-04T19:27:48.103+0000] {subprocess.py:93} INFO - [0m19:27:48  8 of 8 OK created sql view model public.mart_state_health_summary .............. [[32mCREATE VIEW[0m in 0.12s]
[2026-09-04T19:27:48.141+0000] {subprocess.py:93} INFO - [0m19:27:48
[2026-09-04T19:27:48.143+0000] {subprocess.py:93} INFO - [0m19:27:48  Finished running 8 view models in 0 hours 0 minutes and 1.00 seconds (1.00s).
[2026-09-04T19:27:48.427+0000] {subprocess.py:93} INFO - [0m19:27:48
[2026-09-04T19:27:48.437+0000] {subprocess.py:93} INFO - [0m19:27:48  [32mCompleted successfully[0m
[2026-09-04T19:27:48.439+0000] {subprocess.py:93} INFO - [0m19:27:48
[2026-09-04T19:27:48.442+0000] {subprocess.py:93} INFO - [0m19:27:48  Done. PASS=8 WARN=0 ERROR=0 SKIP=0 NO-OP=0 REUSED=0 TOTAL=8
[2026-09-04T19:27:49.601+0000] {subprocess.py:97} INFO - Command exited with return code 0
[2026-09-04T19:27:49.603+0000] {taskinstance.py:441} INFO - ::group::Post task execution logs
[2026-09-04T19:27:49.636+0000] {taskinstance.py:1206} INFO - Marking task as SUCCESS. dag_id=datapulse_pipeline, task_id=dbt_run, run_id=manual__2026-09-04T19:24:56.488557+00:00, execution_date=20260904T192456, start_date=20260904T192740, end_date=20260904T192749
[2026-09-04T19:27:49.687+0000] {local_task_job_runner.py:243} INFO - Task exited with return code 0
[2026-09-04T19:27:49.719+0000] {taskinstance.py:3503} INFO - 0 downstream tasks scheduled from follow-on schedule check
[2026-09-04T19:27:49.724+0000] {local_task_job_runner.py:222} INFO - ::endgroup::
