[2026-09-04T19:04:23.584+0000] {local_task_job_runner.py:120} INFO - ::group::Pre task execution logs
[2026-09-04T19:04:23.633+0000] {taskinstance.py:2076} INFO - Dependencies all met for dep_context=non-requeueable deps ti=<TaskInstance: datapulse_pipeline.dbt_run manual__2026-09-04T18:56:14.054424+00:00 [queued]>
[2026-09-04T19:04:23.643+0000] {taskinstance.py:2076} INFO - Dependencies all met for dep_context=requeueable deps ti=<TaskInstance: datapulse_pipeline.dbt_run manual__2026-09-04T18:56:14.054424+00:00 [queued]>
[2026-09-04T19:04:23.646+0000] {taskinstance.py:2306} INFO - Starting attempt 2 of 2
[2026-09-04T19:04:23.664+0000] {taskinstance.py:2330} INFO - Executing <Task(BashOperator): dbt_run> on 2026-09-04 18:56:14.054424+00:00
[2026-09-04T19:04:23.679+0000] {logging_mixin.py:188} WARNING - /home/***/.local/lib/python3.12/site-packages/***/task/task_runner/standard_task_runner.py:62 DeprecationWarning: This process (pid=292) is multi-threaded, use of fork() may lead to deadlocks in the child.
[2026-09-04T19:04:23.677+0000] {standard_task_runner.py:90} INFO - Running: ['***', 'tasks', 'run', 'datapulse_pipeline', 'dbt_run', 'manual__2026-09-04T18:56:14.054424+00:00', '--job-id', '8', '--raw', '--subdir', 'DAGS_FOLDER/datapulse_pipeline.py', '--cfg-path', '/tmp/tmphmwebdqp']
[2026-09-04T19:04:23.682+0000] {standard_task_runner.py:64} INFO - Started process 293 to run task
[2026-09-04T19:04:23.683+0000] {standard_task_runner.py:91} INFO - Job 8: Subtask dbt_run
[2026-09-04T19:04:23.803+0000] {task_command.py:426} INFO - Running <TaskInstance: datapulse_pipeline.dbt_run manual__2026-09-04T18:56:14.054424+00:00 [running]> on host 31609dd8736c
[2026-09-04T19:04:23.951+0000] {taskinstance.py:2648} INFO - Exporting env vars: AIRFLOW_CTX_DAG_OWNER='datapulse' AIRFLOW_CTX_DAG_ID='datapulse_pipeline' AIRFLOW_CTX_TASK_ID='dbt_run' AIRFLOW_CTX_EXECUTION_DATE='2026-09-04T18:56:14.054424+00:00' AIRFLOW_CTX_TRY_NUMBER='2' AIRFLOW_CTX_DAG_RUN_ID='manual__2026-09-04T18:56:14.054424+00:00'
[2026-09-04T19:04:23.954+0000] {taskinstance.py:430} INFO - ::endgroup::
[2026-09-04T19:04:23.968+0000] {subprocess.py:63} INFO - Tmp dir root location: /tmp
[2026-09-04T19:04:23.969+0000] {subprocess.py:75} INFO - Running command: ['/usr/bin/bash', '-c', 'dbt run --profiles-dir /opt/***/dags/datapulse --project-dir /opt/***/dags/datapulse']
[2026-09-04T19:04:23.984+0000] {subprocess.py:86} INFO - Output:
[2026-09-04T19:04:23.986+0000] {subprocess.py:93} INFO - /usr/bin/bash: line 1: dbt: command not found
[2026-09-04T19:04:23.987+0000] {subprocess.py:97} INFO - Command exited with return code 127
[2026-09-04T19:04:23.988+0000] {taskinstance.py:441} INFO - ::group::Post task execution logs
[2026-09-04T19:04:24.001+0000] {taskinstance.py:2905} ERROR - Task failed with exception
Traceback (most recent call last):
  File "/home/airflow/.local/lib/python3.12/site-packages/airflow/models/taskinstance.py", line 465, in _execute_task
    result = _execute_callable(context=context, **execute_callable_kwargs)
             ^^^^^^^^^^^^^^^^^^^^^^^^^^^^^^^^^^^^^^^^^^^^^^^^^^^^^^^^^^^^^
  File "/home/airflow/.local/lib/python3.12/site-packages/airflow/models/taskinstance.py", line 432, in _execute_callable
    return execute_callable(context=context, **execute_callable_kwargs)
           ^^^^^^^^^^^^^^^^^^^^^^^^^^^^^^^^^^^^^^^^^^^^^^^^^^^^^^^^^^^^
  File "/home/airflow/.local/lib/python3.12/site-packages/airflow/models/baseoperator.py", line 401, in wrapper
    return func(self, *args, **kwargs)
           ^^^^^^^^^^^^^^^^^^^^^^^^^^^
  File "/home/airflow/.local/lib/python3.12/site-packages/airflow/operators/bash.py", line 243, in execute
    raise AirflowException(
airflow.exceptions.AirflowException: Bash command failed. The command returned a non-zero exit code 127.
[2026-09-04T19:04:24.007+0000] {taskinstance.py:1206} INFO - Marking task as FAILED. dag_id=datapulse_pipeline, task_id=dbt_run, run_id=manual__2026-09-04T18:56:14.054424+00:00, execution_date=20260904T185614, start_date=20260904T190423, end_date=20260904T190424
[2026-09-04T19:04:24.025+0000] {standard_task_runner.py:110} ERROR - Failed to execute job 8 for task dbt_run (Bash command failed. The command returned a non-zero exit code 127.; 293)
[2026-09-04T19:04:24.060+0000] {local_task_job_runner.py:243} INFO - Task exited with return code 1
[2026-09-04T19:04:24.081+0000] {taskinstance.py:3503} INFO - 0 downstream tasks scheduled from follow-on schedule check
[2026-09-04T19:04:24.085+0000] {local_task_job_runner.py:222} INFO - ::endgroup::
