[2026-09-04T18:59:22.421+0000] {local_task_job_runner.py:120} INFO - ::group::Pre task execution logs
[2026-09-04T18:59:22.452+0000] {taskinstance.py:2076} INFO - Dependencies all met for dep_context=non-requeueable deps ti=<TaskInstance: datapulse_pipeline.dbt_run manual__2026-09-04T18:56:14.054424+00:00 [queued]>
[2026-09-04T18:59:22.460+0000] {taskinstance.py:2076} INFO - Dependencies all met for dep_context=requeueable deps ti=<TaskInstance: datapulse_pipeline.dbt_run manual__2026-09-04T18:56:14.054424+00:00 [queued]>
[2026-09-04T18:59:22.462+0000] {taskinstance.py:2306} INFO - Starting attempt 1 of 2
[2026-09-04T18:59:22.473+0000] {taskinstance.py:2330} INFO - Executing <Task(BashOperator): dbt_run> on 2026-09-04 18:56:14.054424+00:00
[2026-09-04T18:59:22.479+0000] {logging_mixin.py:188} WARNING - /home/***/.local/lib/python3.12/site-packages/***/task/task_runner/standard_task_runner.py:62 DeprecationWarning: This process (pid=236) is multi-threaded, use of fork() may lead to deadlocks in the child.
[2026-09-04T18:59:22.480+0000] {standard_task_runner.py:90} INFO - Running: ['***', 'tasks', 'run', 'datapulse_pipeline', 'dbt_run', 'manual__2026-09-04T18:56:14.054424+00:00', '--job-id', '6', '--raw', '--subdir', 'DAGS_FOLDER/datapulse_pipeline.py', '--cfg-path', '/tmp/tmpd7wxbcmp']
[2026-09-04T18:59:22.483+0000] {standard_task_runner.py:64} INFO - Started process 237 to run task
[2026-09-04T18:59:22.483+0000] {standard_task_runner.py:91} INFO - Job 6: Subtask dbt_run
[2026-09-04T18:59:22.545+0000] {task_command.py:426} INFO - Running <TaskInstance: datapulse_pipeline.dbt_run manual__2026-09-04T18:56:14.054424+00:00 [running]> on host 31609dd8736c
[2026-09-04T18:59:22.623+0000] {taskinstance.py:2648} INFO - Exporting env vars: AIRFLOW_CTX_DAG_OWNER='datapulse' AIRFLOW_CTX_DAG_ID='datapulse_pipeline' AIRFLOW_CTX_TASK_ID='dbt_run' AIRFLOW_CTX_EXECUTION_DATE='2026-09-04T18:56:14.054424+00:00' AIRFLOW_CTX_TRY_NUMBER='1' AIRFLOW_CTX_DAG_RUN_ID='manual__2026-09-04T18:56:14.054424+00:00'
[2026-09-04T18:59:22.624+0000] {taskinstance.py:430} INFO - ::endgroup::
[2026-09-04T18:59:22.637+0000] {subprocess.py:63} INFO - Tmp dir root location: /tmp
[2026-09-04T18:59:22.638+0000] {subprocess.py:75} INFO - Running command: ['/usr/bin/bash', '-c', 'dbt run --profiles-dir /opt/***/dags/datapulse --project-dir /opt/***/dags/datapulse']
[2026-09-04T18:59:22.648+0000] {subprocess.py:86} INFO - Output:
[2026-09-04T18:59:22.650+0000] {subprocess.py:93} INFO - /usr/bin/bash: line 1: dbt: command not found
[2026-09-04T18:59:22.651+0000] {subprocess.py:97} INFO - Command exited with return code 127
[2026-09-04T18:59:22.652+0000] {taskinstance.py:441} INFO - ::group::Post task execution logs
[2026-09-04T18:59:22.662+0000] {taskinstance.py:2905} ERROR - Task failed with exception
Traceback (most recent call last):
  File "/home/airflow/.local/lib/python3.12/site-packages/airflow/models/taskinstance.py", line 465, in _execute_task
    result = _execute_callable(context=context, **execute_callable_kwargs)
             ^^^^^^^^^^^^^^^^^^^^^^^^^^^^^^^^^^^^^^^^^^^^^^^^^^^^^^^^^^^^^
  File "/home/airflow/.local/lib/python3.12/site-packages/airflow/models/taskinstance.py", line 432, in _execute_callable
    return execute_callable(context=context, **execute_callable_kwargs)
           ^^^^^^^^^^^^^^^^^^^^^^^^^^^^^^^^^^^^^^^^^^^^^^^^^^^^^^^^^^^^
  File "/home/airflow/.local/lib/python3.12/site-packages/airflow/models/baseoperator.py", line 401, in wrapper
    return func(self, *args, **kwargs)
           ^^^^^^^^^^^^^^^^^^^^^^^^^^^
  File "/home/airflow/.local/lib/python3.12/site-packages/airflow/operators/bash.py", line 243, in execute
    raise AirflowException(
airflow.exceptions.AirflowException: Bash command failed. The command returned a non-zero exit code 127.
[2026-09-04T18:59:22.666+0000] {taskinstance.py:1206} INFO - Marking task as UP_FOR_RETRY. dag_id=datapulse_pipeline, task_id=dbt_run, run_id=manual__2026-09-04T18:56:14.054424+00:00, execution_date=20260904T185614, start_date=20260904T185922, end_date=20260904T185922
[2026-09-04T18:59:22.678+0000] {standard_task_runner.py:110} ERROR - Failed to execute job 6 for task dbt_run (Bash command failed. The command returned a non-zero exit code 127.; 237)
[2026-09-04T18:59:22.697+0000] {local_task_job_runner.py:243} INFO - Task exited with return code 1
[2026-09-04T18:59:22.711+0000] {taskinstance.py:3503} INFO - 0 downstream tasks scheduled from follow-on schedule check
[2026-09-04T18:59:22.713+0000] {local_task_job_runner.py:222} INFO - ::endgroup::
