[2026-09-04T18:59:28.069+0000] {local_task_job_runner.py:120} INFO - ::group::Pre task execution logs
[2026-09-04T18:59:28.100+0000] {taskinstance.py:2076} INFO - Dependencies all met for dep_context=non-requeueable deps ti=<TaskInstance: datapulse_pipeline.dbt_run scheduled__2026-09-04T12:00:00+00:00 [queued]>
[2026-09-04T18:59:28.107+0000] {taskinstance.py:2076} INFO - Dependencies all met for dep_context=requeueable deps ti=<TaskInstance: datapulse_pipeline.dbt_run scheduled__2026-09-04T12:00:00+00:00 [queued]>
[2026-09-04T18:59:28.108+0000] {taskinstance.py:2306} INFO - Starting attempt 1 of 2
[2026-09-04T18:59:28.121+0000] {taskinstance.py:2330} INFO - Executing <Task(BashOperator): dbt_run> on 2026-09-04 12:00:00+00:00
[2026-09-04T18:59:28.127+0000] {logging_mixin.py:188} WARNING - /home/***/.local/lib/python3.12/site-packages/***/task/task_runner/standard_task_runner.py:62 DeprecationWarning: This process (pid=239) is multi-threaded, use of fork() may lead to deadlocks in the child.
[2026-09-04T18:59:28.127+0000] {standard_task_runner.py:90} INFO - Running: ['***', 'tasks', 'run', 'datapulse_pipeline', 'dbt_run', 'scheduled__2026-09-04T12:00:00+00:00', '--job-id', '7', '--raw', '--subdir', 'DAGS_FOLDER/datapulse_pipeline.py', '--cfg-path', '/tmp/tmpmevybhp0']
[2026-09-04T18:59:28.129+0000] {standard_task_runner.py:64} INFO - Started process 240 to run task
[2026-09-04T18:59:28.130+0000] {standard_task_runner.py:91} INFO - Job 7: Subtask dbt_run
[2026-09-04T18:59:28.188+0000] {task_command.py:426} INFO - Running <TaskInstance: datapulse_pipeline.dbt_run scheduled__2026-09-04T12:00:00+00:00 [running]> on host 31609dd8736c
[2026-09-04T18:59:28.268+0000] {taskinstance.py:2648} INFO - Exporting env vars: AIRFLOW_CTX_DAG_OWNER='datapulse' AIRFLOW_CTX_DAG_ID='datapulse_pipeline' AIRFLOW_CTX_TASK_ID='dbt_run' AIRFLOW_CTX_EXECUTION_DATE='2026-09-04T12:00:00+00:00' AIRFLOW_CTX_TRY_NUMBER='1' AIRFLOW_CTX_DAG_RUN_ID='scheduled__2026-09-04T12:00:00+00:00'
[2026-09-04T18:59:28.269+0000] {taskinstance.py:430} INFO - ::endgroup::
[2026-09-04T18:59:28.279+0000] {subprocess.py:63} INFO - Tmp dir root location: /tmp
[2026-09-04T18:59:28.280+0000] {subprocess.py:75} INFO - Running command: ['/usr/bin/bash', '-c', 'dbt run --profiles-dir /opt/***/dags/datapulse --project-dir /opt/***/dags/datapulse']
[2026-09-04T18:59:28.287+0000] {subprocess.py:86} INFO - Output:
[2026-09-04T18:59:28.289+0000] {subprocess.py:93} INFO - /usr/bin/bash: line 1: dbt: command not found
[2026-09-04T18:59:28.289+0000] {subprocess.py:97} INFO - Command exited with return code 127
[2026-09-04T18:59:28.290+0000] {taskinstance.py:441} INFO - ::group::Post task execution logs
[2026-09-04T18:59:28.299+0000] {taskinstance.py:2905} ERROR - Task failed with exception
Traceback (most recent call last):
  File "/home/airflow/.local/lib/python3.12/site-packages/airflow/models/taskinstance.py", line 465, in _execute_task
    result = _execute_callable(context=context, **execute_callable_kwargs)
             ^^^^^^^^^^^^^^^^^^^^^^^^^^^^^^^^^^^^^^^^^^^^^^^^^^^^^^^^^^^^^
  File "/home/airflow/.local/lib/python3.12/site-packages/airflow/models/taskinstance.py", line 432, in _execute_callable
    return execute_callable(context=context, **execute_callable_kwargs)
           ^^^^^^^^^^^^^^^^^^^^^^^^^^^^^^^^^^^^^^^^^^^^^^^^^^^^^^^^^^^^
  File "/home/airflow/.local/lib/python3.12/site-packages/airflow/models/baseoperator.py", line 401, in wrapper
    return func(self, *args, **kwargs)
           ^^^^^^^^^^^^^^^^^^^^^^^^^^^
  File "/home/airflow/.local/lib/python3.12/site-packages/airflow/operators/bash.py", line 243, in execute
    raise AirflowException(
airflow.exceptions.AirflowException: Bash command failed. The command returned a non-zero exit code 127.
[2026-09-04T18:59:28.303+0000] {taskinstance.py:1206} INFO - Marking task as UP_FOR_RETRY. dag_id=datapulse_pipeline, task_id=dbt_run, run_id=scheduled__2026-09-04T12:00:00+00:00, execution_date=20260904T120000, start_date=20260904T185928, end_date=20260904T185928
[2026-09-04T18:59:28.314+0000] {standard_task_runner.py:110} ERROR - Failed to execute job 7 for task dbt_run (Bash command failed. The command returned a non-zero exit code 127.; 240)
[2026-09-04T18:59:28.345+0000] {local_task_job_runner.py:243} INFO - Task exited with return code 1
[2026-09-04T18:59:28.368+0000] {taskinstance.py:3503} INFO - 0 downstream tasks scheduled from follow-on schedule check
[2026-09-04T18:59:28.373+0000] {local_task_job_runner.py:222} INFO - ::endgroup::
