[2026-09-04T18:54:40.091+0000] {processor.py:161} INFO - Started process (PID=178) to work on /opt/airflow/dags/datapulse_pipeline.py
[2026-09-04T18:54:40.092+0000] {processor.py:830} INFO - Processing file /opt/airflow/dags/datapulse_pipeline.py for tasks to queue
[2026-09-04T18:54:40.094+0000] {logging_mixin.py:188} INFO - [2026-09-04T18:54:40.094+0000] {dagbag.py:545} INFO - Filling up the DagBag from /opt/airflow/dags/datapulse_pipeline.py
[2026-09-04T18:54:40.128+0000] {processor.py:840} INFO - DAG(s) 'datapulse_pipeline' retrieved from /opt/airflow/dags/datapulse_pipeline.py
[2026-09-04T18:54:40.336+0000] {logging_mixin.py:188} INFO - [2026-09-04T18:54:40.336+0000] {override.py:1858} INFO - Created Permission View: can read on DAG:datapulse_pipeline
[2026-09-04T18:54:40.348+0000] {logging_mixin.py:188} INFO - [2026-09-04T18:54:40.348+0000] {override.py:1858} INFO - Created Permission View: can edit on DAG:datapulse_pipeline
[2026-09-04T18:54:40.355+0000] {logging_mixin.py:188} INFO - [2026-09-04T18:54:40.354+0000] {override.py:1858} INFO - Created Permission View: can delete on DAG:datapulse_pipeline
[2026-09-04T18:54:40.355+0000] {logging_mixin.py:188} INFO - [2026-09-04T18:54:40.355+0000] {dag.py:3089} INFO - Sync 1 DAGs
[2026-09-04T18:54:40.366+0000] {logging_mixin.py:188} INFO - [2026-09-04T18:54:40.366+0000] {dag.py:3111} INFO - Creating ORM DAG for datapulse_pipeline
[2026-09-04T18:54:40.375+0000] {logging_mixin.py:188} INFO - [2026-09-04T18:54:40.375+0000] {dag.py:3947} INFO - Setting next_dagrun for datapulse_pipeline to 2026-09-04 12:00:00+00:00, run_after=2026-09-04 18:00:00+00:00
[2026-09-04T18:54:40.396+0000] {processor.py:183} INFO - Processing /opt/airflow/dags/datapulse_pipeline.py took 0.310 seconds
[2026-09-04T18:55:10.701+0000] {processor.py:161} INFO - Started process (PID=183) to work on /opt/airflow/dags/datapulse_pipeline.py
[2026-09-04T18:55:10.703+0000] {processor.py:830} INFO - Processing file /opt/airflow/dags/datapulse_pipeline.py for tasks to queue
[2026-09-04T18:55:10.706+0000] {logging_mixin.py:188} INFO - [2026-09-04T18:55:10.705+0000] {dagbag.py:545} INFO - Filling up the DagBag from /opt/airflow/dags/datapulse_pipeline.py
[2026-09-04T18:55:10.731+0000] {processor.py:840} INFO - DAG(s) 'datapulse_pipeline' retrieved from /opt/airflow/dags/datapulse_pipeline.py
[2026-09-04T18:55:10.767+0000] {logging_mixin.py:188} INFO - [2026-09-04T18:55:10.766+0000] {dag.py:3089} INFO - Sync 1 DAGs
[2026-09-04T18:55:10.796+0000] {logging_mixin.py:188} INFO - [2026-09-04T18:55:10.796+0000] {dag.py:3947} INFO - Setting next_dagrun for datapulse_pipeline to 2026-09-04 12:00:00+00:00, run_after=2026-09-04 18:00:00+00:00
[2026-09-04T18:55:10.819+0000] {processor.py:183} INFO - Processing /opt/airflow/dags/datapulse_pipeline.py took 0.127 seconds
[2026-09-04T18:55:40.964+0000] {processor.py:161} INFO - Started process (PID=188) to work on /opt/airflow/dags/datapulse_pipeline.py
[2026-09-04T18:55:40.966+0000] {processor.py:830} INFO - Processing file /opt/airflow/dags/datapulse_pipeline.py for tasks to queue
[2026-09-04T18:55:40.968+0000] {logging_mixin.py:188} INFO - [2026-09-04T18:55:40.968+0000] {dagbag.py:545} INFO - Filling up the DagBag from /opt/airflow/dags/datapulse_pipeline.py
[2026-09-04T18:55:40.990+0000] {processor.py:840} INFO - DAG(s) 'datapulse_pipeline' retrieved from /opt/airflow/dags/datapulse_pipeline.py
[2026-09-04T18:55:41.027+0000] {logging_mixin.py:188} INFO - [2026-09-04T18:55:41.027+0000] {dag.py:3089} INFO - Sync 1 DAGs
[2026-09-04T18:55:41.050+0000] {logging_mixin.py:188} INFO - [2026-09-04T18:55:41.050+0000] {dag.py:3947} INFO - Setting next_dagrun for datapulse_pipeline to 2026-09-04 12:00:00+00:00, run_after=2026-09-04 18:00:00+00:00
[2026-09-04T18:55:41.072+0000] {processor.py:183} INFO - Processing /opt/airflow/dags/datapulse_pipeline.py took 0.117 seconds
[2026-09-04T18:56:11.364+0000] {processor.py:161} INFO - Started process (PID=193) to work on /opt/airflow/dags/datapulse_pipeline.py
[2026-09-04T18:56:11.366+0000] {processor.py:830} INFO - Processing file /opt/airflow/dags/datapulse_pipeline.py for tasks to queue
[2026-09-04T18:56:11.369+0000] {logging_mixin.py:188} INFO - [2026-09-04T18:56:11.369+0000] {dagbag.py:545} INFO - Filling up the DagBag from /opt/airflow/dags/datapulse_pipeline.py
[2026-09-04T18:56:11.397+0000] {processor.py:840} INFO - DAG(s) 'datapulse_pipeline' retrieved from /opt/airflow/dags/datapulse_pipeline.py
[2026-09-04T18:56:11.431+0000] {logging_mixin.py:188} INFO - [2026-09-04T18:56:11.431+0000] {dag.py:3089} INFO - Sync 1 DAGs
[2026-09-04T18:56:11.454+0000] {logging_mixin.py:188} INFO - [2026-09-04T18:56:11.454+0000] {dag.py:3947} INFO - Setting next_dagrun for datapulse_pipeline to 2026-09-04 12:00:00+00:00, run_after=2026-09-04 18:00:00+00:00
[2026-09-04T18:56:11.476+0000] {processor.py:183} INFO - Processing /opt/airflow/dags/datapulse_pipeline.py took 0.122 seconds
[2026-09-04T18:56:41.544+0000] {processor.py:161} INFO - Started process (PID=204) to work on /opt/airflow/dags/datapulse_pipeline.py
[2026-09-04T18:56:41.545+0000] {processor.py:830} INFO - Processing file /opt/airflow/dags/datapulse_pipeline.py for tasks to queue
[2026-09-04T18:56:41.547+0000] {logging_mixin.py:188} INFO - [2026-09-04T18:56:41.546+0000] {dagbag.py:545} INFO - Filling up the DagBag from /opt/airflow/dags/datapulse_pipeline.py
[2026-09-04T18:56:41.567+0000] {processor.py:840} INFO - DAG(s) 'datapulse_pipeline' retrieved from /opt/airflow/dags/datapulse_pipeline.py
[2026-09-04T18:56:41.597+0000] {logging_mixin.py:188} INFO - [2026-09-04T18:56:41.597+0000] {dag.py:3089} INFO - Sync 1 DAGs
[2026-09-04T18:56:41.621+0000] {logging_mixin.py:188} INFO - [2026-09-04T18:56:41.621+0000] {dag.py:3947} INFO - Setting next_dagrun for datapulse_pipeline to 2026-09-04 18:00:00+00:00, run_after=2026-09-05 00:00:00+00:00
[2026-09-04T18:56:41.643+0000] {processor.py:183} INFO - Processing /opt/airflow/dags/datapulse_pipeline.py took 0.106 seconds
[2026-09-04T18:57:11.718+0000] {processor.py:161} INFO - Started process (PID=211) to work on /opt/airflow/dags/datapulse_pipeline.py
[2026-09-04T18:57:11.719+0000] {processor.py:830} INFO - Processing file /opt/airflow/dags/datapulse_pipeline.py for tasks to queue
[2026-09-04T18:57:11.721+0000] {logging_mixin.py:188} INFO - [2026-09-04T18:57:11.721+0000] {dagbag.py:545} INFO - Filling up the DagBag from /opt/airflow/dags/datapulse_pipeline.py
[2026-09-04T18:57:11.745+0000] {processor.py:840} INFO - DAG(s) 'datapulse_pipeline' retrieved from /opt/airflow/dags/datapulse_pipeline.py
[2026-09-04T18:57:11.777+0000] {logging_mixin.py:188} INFO - [2026-09-04T18:57:11.777+0000] {dag.py:3089} INFO - Sync 1 DAGs
[2026-09-04T18:57:11.800+0000] {logging_mixin.py:188} INFO - [2026-09-04T18:57:11.799+0000] {dag.py:3947} INFO - Setting next_dagrun for datapulse_pipeline to 2026-09-04 18:00:00+00:00, run_after=2026-09-05 00:00:00+00:00
[2026-09-04T18:57:11.820+0000] {processor.py:183} INFO - Processing /opt/airflow/dags/datapulse_pipeline.py took 0.108 seconds
[2026-09-04T18:57:41.968+0000] {processor.py:161} INFO - Started process (PID=216) to work on /opt/airflow/dags/datapulse_pipeline.py
[2026-09-04T18:57:41.968+0000] {processor.py:830} INFO - Processing file /opt/airflow/dags/datapulse_pipeline.py for tasks to queue
[2026-09-04T18:57:41.971+0000] {logging_mixin.py:188} INFO - [2026-09-04T18:57:41.970+0000] {dagbag.py:545} INFO - Filling up the DagBag from /opt/airflow/dags/datapulse_pipeline.py
[2026-09-04T18:57:41.996+0000] {processor.py:840} INFO - DAG(s) 'datapulse_pipeline' retrieved from /opt/airflow/dags/datapulse_pipeline.py
[2026-09-04T18:57:42.028+0000] {logging_mixin.py:188} INFO - [2026-09-04T18:57:42.027+0000] {dag.py:3089} INFO - Sync 1 DAGs
[2026-09-04T18:57:42.049+0000] {logging_mixin.py:188} INFO - [2026-09-04T18:57:42.049+0000] {dag.py:3947} INFO - Setting next_dagrun for datapulse_pipeline to 2026-09-04 18:00:00+00:00, run_after=2026-09-05 00:00:00+00:00
[2026-09-04T18:57:42.067+0000] {processor.py:183} INFO - Processing /opt/airflow/dags/datapulse_pipeline.py took 0.105 seconds
[2026-09-04T18:58:12.123+0000] {processor.py:161} INFO - Started process (PID=221) to work on /opt/airflow/dags/datapulse_pipeline.py
[2026-09-04T18:58:12.123+0000] {processor.py:830} INFO - Processing file /opt/airflow/dags/datapulse_pipeline.py for tasks to queue
[2026-09-04T18:58:12.126+0000] {logging_mixin.py:188} INFO - [2026-09-04T18:58:12.125+0000] {dagbag.py:545} INFO - Filling up the DagBag from /opt/airflow/dags/datapulse_pipeline.py
[2026-09-04T18:58:12.154+0000] {processor.py:840} INFO - DAG(s) 'datapulse_pipeline' retrieved from /opt/airflow/dags/datapulse_pipeline.py
[2026-09-04T18:58:12.193+0000] {logging_mixin.py:188} INFO - [2026-09-04T18:58:12.193+0000] {dag.py:3089} INFO - Sync 1 DAGs
[2026-09-04T18:58:12.219+0000] {logging_mixin.py:188} INFO - [2026-09-04T18:58:12.219+0000] {dag.py:3947} INFO - Setting next_dagrun for datapulse_pipeline to 2026-09-04 18:00:00+00:00, run_after=2026-09-05 00:00:00+00:00
[2026-09-04T18:58:12.242+0000] {processor.py:183} INFO - Processing /opt/airflow/dags/datapulse_pipeline.py took 0.126 seconds
[2026-09-04T18:58:42.390+0000] {processor.py:161} INFO - Started process (PID=226) to work on /opt/airflow/dags/datapulse_pipeline.py
[2026-09-04T18:58:42.391+0000] {processor.py:830} INFO - Processing file /opt/airflow/dags/datapulse_pipeline.py for tasks to queue
[2026-09-04T18:58:42.393+0000] {logging_mixin.py:188} INFO - [2026-09-04T18:58:42.393+0000] {dagbag.py:545} INFO - Filling up the DagBag from /opt/airflow/dags/datapulse_pipeline.py
[2026-09-04T18:58:42.416+0000] {processor.py:840} INFO - DAG(s) 'datapulse_pipeline' retrieved from /opt/airflow/dags/datapulse_pipeline.py
[2026-09-04T18:58:42.444+0000] {logging_mixin.py:188} INFO - [2026-09-04T18:58:42.444+0000] {dag.py:3089} INFO - Sync 1 DAGs
[2026-09-04T18:58:42.466+0000] {logging_mixin.py:188} INFO - [2026-09-04T18:58:42.466+0000] {dag.py:3947} INFO - Setting next_dagrun for datapulse_pipeline to 2026-09-04 18:00:00+00:00, run_after=2026-09-05 00:00:00+00:00
[2026-09-04T18:58:42.487+0000] {processor.py:183} INFO - Processing /opt/airflow/dags/datapulse_pipeline.py took 0.102 seconds
[2026-09-04T18:59:12.555+0000] {processor.py:161} INFO - Started process (PID=231) to work on /opt/airflow/dags/datapulse_pipeline.py
[2026-09-04T18:59:12.557+0000] {processor.py:830} INFO - Processing file /opt/airflow/dags/datapulse_pipeline.py for tasks to queue
[2026-09-04T18:59:12.560+0000] {logging_mixin.py:188} INFO - [2026-09-04T18:59:12.559+0000] {dagbag.py:545} INFO - Filling up the DagBag from /opt/airflow/dags/datapulse_pipeline.py
[2026-09-04T18:59:12.584+0000] {processor.py:840} INFO - DAG(s) 'datapulse_pipeline' retrieved from /opt/airflow/dags/datapulse_pipeline.py
[2026-09-04T18:59:12.614+0000] {logging_mixin.py:188} INFO - [2026-09-04T18:59:12.613+0000] {dag.py:3089} INFO - Sync 1 DAGs
[2026-09-04T18:59:12.632+0000] {logging_mixin.py:188} INFO - [2026-09-04T18:59:12.632+0000] {dag.py:3947} INFO - Setting next_dagrun for datapulse_pipeline to 2026-09-04 18:00:00+00:00, run_after=2026-09-05 00:00:00+00:00
[2026-09-04T18:59:12.652+0000] {processor.py:183} INFO - Processing /opt/airflow/dags/datapulse_pipeline.py took 0.105 seconds
[2026-09-04T18:59:42.892+0000] {processor.py:161} INFO - Started process (PID=242) to work on /opt/airflow/dags/datapulse_pipeline.py
[2026-09-04T18:59:42.893+0000] {processor.py:830} INFO - Processing file /opt/airflow/dags/datapulse_pipeline.py for tasks to queue
[2026-09-04T18:59:42.894+0000] {logging_mixin.py:188} INFO - [2026-09-04T18:59:42.894+0000] {dagbag.py:545} INFO - Filling up the DagBag from /opt/airflow/dags/datapulse_pipeline.py
[2026-09-04T18:59:42.913+0000] {processor.py:840} INFO - DAG(s) 'datapulse_pipeline' retrieved from /opt/airflow/dags/datapulse_pipeline.py
[2026-09-04T18:59:42.942+0000] {logging_mixin.py:188} INFO - [2026-09-04T18:59:42.942+0000] {dag.py:3089} INFO - Sync 1 DAGs
[2026-09-04T18:59:42.964+0000] {logging_mixin.py:188} INFO - [2026-09-04T18:59:42.964+0000] {dag.py:3947} INFO - Setting next_dagrun for datapulse_pipeline to 2026-09-04 18:00:00+00:00, run_after=2026-09-05 00:00:00+00:00
[2026-09-04T18:59:42.985+0000] {processor.py:183} INFO - Processing /opt/airflow/dags/datapulse_pipeline.py took 0.098 seconds
[2026-09-04T19:00:13.176+0000] {processor.py:161} INFO - Started process (PID=247) to work on /opt/airflow/dags/datapulse_pipeline.py
[2026-09-04T19:00:13.177+0000] {processor.py:830} INFO - Processing file /opt/airflow/dags/datapulse_pipeline.py for tasks to queue
[2026-09-04T19:00:13.179+0000] {logging_mixin.py:188} INFO - [2026-09-04T19:00:13.179+0000] {dagbag.py:545} INFO - Filling up the DagBag from /opt/airflow/dags/datapulse_pipeline.py
[2026-09-04T19:00:13.205+0000] {processor.py:840} INFO - DAG(s) 'datapulse_pipeline' retrieved from /opt/airflow/dags/datapulse_pipeline.py
[2026-09-04T19:00:13.234+0000] {logging_mixin.py:188} INFO - [2026-09-04T19:00:13.233+0000] {dag.py:3089} INFO - Sync 1 DAGs
[2026-09-04T19:00:13.253+0000] {logging_mixin.py:188} INFO - [2026-09-04T19:00:13.253+0000] {dag.py:3947} INFO - Setting next_dagrun for datapulse_pipeline to 2026-09-04 18:00:00+00:00, run_after=2026-09-05 00:00:00+00:00
[2026-09-04T19:00:13.273+0000] {processor.py:183} INFO - Processing /opt/airflow/dags/datapulse_pipeline.py took 0.103 seconds
[2026-09-04T19:00:43.474+0000] {processor.py:161} INFO - Started process (PID=252) to work on /opt/airflow/dags/datapulse_pipeline.py
[2026-09-04T19:00:43.475+0000] {processor.py:830} INFO - Processing file /opt/airflow/dags/datapulse_pipeline.py for tasks to queue
[2026-09-04T19:00:43.478+0000] {logging_mixin.py:188} INFO - [2026-09-04T19:00:43.478+0000] {dagbag.py:545} INFO - Filling up the DagBag from /opt/airflow/dags/datapulse_pipeline.py
[2026-09-04T19:00:43.500+0000] {processor.py:840} INFO - DAG(s) 'datapulse_pipeline' retrieved from /opt/airflow/dags/datapulse_pipeline.py
[2026-09-04T19:00:43.535+0000] {logging_mixin.py:188} INFO - [2026-09-04T19:00:43.535+0000] {dag.py:3089} INFO - Sync 1 DAGs
[2026-09-04T19:00:43.557+0000] {logging_mixin.py:188} INFO - [2026-09-04T19:00:43.557+0000] {dag.py:3947} INFO - Setting next_dagrun for datapulse_pipeline to 2026-09-04 18:00:00+00:00, run_after=2026-09-05 00:00:00+00:00
[2026-09-04T19:00:43.579+0000] {processor.py:183} INFO - Processing /opt/airflow/dags/datapulse_pipeline.py took 0.114 seconds
[2026-09-04T19:01:13.795+0000] {processor.py:161} INFO - Started process (PID=257) to work on /opt/airflow/dags/datapulse_pipeline.py
[2026-09-04T19:01:13.796+0000] {processor.py:830} INFO - Processing file /opt/airflow/dags/datapulse_pipeline.py for tasks to queue
[2026-09-04T19:01:13.798+0000] {logging_mixin.py:188} INFO - [2026-09-04T19:01:13.797+0000] {dagbag.py:545} INFO - Filling up the DagBag from /opt/airflow/dags/datapulse_pipeline.py
[2026-09-04T19:01:13.824+0000] {processor.py:840} INFO - DAG(s) 'datapulse_pipeline' retrieved from /opt/airflow/dags/datapulse_pipeline.py
[2026-09-04T19:01:13.856+0000] {logging_mixin.py:188} INFO - [2026-09-04T19:01:13.856+0000] {dag.py:3089} INFO - Sync 1 DAGs
[2026-09-04T19:01:13.885+0000] {logging_mixin.py:188} INFO - [2026-09-04T19:01:13.884+0000] {dag.py:3947} INFO - Setting next_dagrun for datapulse_pipeline to 2026-09-04 18:00:00+00:00, run_after=2026-09-05 00:00:00+00:00
[2026-09-04T19:01:13.913+0000] {processor.py:183} INFO - Processing /opt/airflow/dags/datapulse_pipeline.py took 0.125 seconds
[2026-09-04T19:01:44.180+0000] {processor.py:161} INFO - Started process (PID=262) to work on /opt/airflow/dags/datapulse_pipeline.py
[2026-09-04T19:01:44.182+0000] {processor.py:830} INFO - Processing file /opt/airflow/dags/datapulse_pipeline.py for tasks to queue
[2026-09-04T19:01:44.185+0000] {logging_mixin.py:188} INFO - [2026-09-04T19:01:44.185+0000] {dagbag.py:545} INFO - Filling up the DagBag from /opt/airflow/dags/datapulse_pipeline.py
[2026-09-04T19:01:44.233+0000] {processor.py:840} INFO - DAG(s) 'datapulse_pipeline' retrieved from /opt/airflow/dags/datapulse_pipeline.py
[2026-09-04T19:01:44.274+0000] {logging_mixin.py:188} INFO - [2026-09-04T19:01:44.274+0000] {dag.py:3089} INFO - Sync 1 DAGs
[2026-09-04T19:01:44.309+0000] {logging_mixin.py:188} INFO - [2026-09-04T19:01:44.309+0000] {dag.py:3947} INFO - Setting next_dagrun for datapulse_pipeline to 2026-09-04 18:00:00+00:00, run_after=2026-09-05 00:00:00+00:00
[2026-09-04T19:01:44.335+0000] {processor.py:183} INFO - Processing /opt/airflow/dags/datapulse_pipeline.py took 0.164 seconds
[2026-09-04T19:02:14.609+0000] {processor.py:161} INFO - Started process (PID=267) to work on /opt/airflow/dags/datapulse_pipeline.py
[2026-09-04T19:02:14.611+0000] {processor.py:830} INFO - Processing file /opt/airflow/dags/datapulse_pipeline.py for tasks to queue
[2026-09-04T19:02:14.614+0000] {logging_mixin.py:188} INFO - [2026-09-04T19:02:14.614+0000] {dagbag.py:545} INFO - Filling up the DagBag from /opt/airflow/dags/datapulse_pipeline.py
[2026-09-04T19:02:14.666+0000] {processor.py:840} INFO - DAG(s) 'datapulse_pipeline' retrieved from /opt/airflow/dags/datapulse_pipeline.py
[2026-09-04T19:02:14.715+0000] {logging_mixin.py:188} INFO - [2026-09-04T19:02:14.714+0000] {dag.py:3089} INFO - Sync 1 DAGs
[2026-09-04T19:02:14.756+0000] {logging_mixin.py:188} INFO - [2026-09-04T19:02:14.756+0000] {dag.py:3947} INFO - Setting next_dagrun for datapulse_pipeline to 2026-09-04 18:00:00+00:00, run_after=2026-09-05 00:00:00+00:00
[2026-09-04T19:02:14.787+0000] {processor.py:183} INFO - Processing /opt/airflow/dags/datapulse_pipeline.py took 0.188 seconds
[2026-09-04T19:02:45.012+0000] {processor.py:161} INFO - Started process (PID=272) to work on /opt/airflow/dags/datapulse_pipeline.py
[2026-09-04T19:02:45.014+0000] {processor.py:830} INFO - Processing file /opt/airflow/dags/datapulse_pipeline.py for tasks to queue
[2026-09-04T19:02:45.019+0000] {logging_mixin.py:188} INFO - [2026-09-04T19:02:45.019+0000] {dagbag.py:545} INFO - Filling up the DagBag from /opt/airflow/dags/datapulse_pipeline.py
[2026-09-04T19:02:45.087+0000] {processor.py:840} INFO - DAG(s) 'datapulse_pipeline' retrieved from /opt/airflow/dags/datapulse_pipeline.py
[2026-09-04T19:02:45.139+0000] {logging_mixin.py:188} INFO - [2026-09-04T19:02:45.139+0000] {dag.py:3089} INFO - Sync 1 DAGs
[2026-09-04T19:02:45.178+0000] {logging_mixin.py:188} INFO - [2026-09-04T19:02:45.177+0000] {dag.py:3947} INFO - Setting next_dagrun for datapulse_pipeline to 2026-09-04 18:00:00+00:00, run_after=2026-09-05 00:00:00+00:00
[2026-09-04T19:02:45.210+0000] {processor.py:183} INFO - Processing /opt/airflow/dags/datapulse_pipeline.py took 0.213 seconds
[2026-09-04T19:03:15.502+0000] {processor.py:161} INFO - Started process (PID=277) to work on /opt/airflow/dags/datapulse_pipeline.py
[2026-09-04T19:03:15.504+0000] {processor.py:830} INFO - Processing file /opt/airflow/dags/datapulse_pipeline.py for tasks to queue
[2026-09-04T19:03:15.508+0000] {logging_mixin.py:188} INFO - [2026-09-04T19:03:15.507+0000] {dagbag.py:545} INFO - Filling up the DagBag from /opt/airflow/dags/datapulse_pipeline.py
[2026-09-04T19:03:15.557+0000] {processor.py:840} INFO - DAG(s) 'datapulse_pipeline' retrieved from /opt/airflow/dags/datapulse_pipeline.py
[2026-09-04T19:03:15.628+0000] {logging_mixin.py:188} INFO - [2026-09-04T19:03:15.628+0000] {dag.py:3089} INFO - Sync 1 DAGs
[2026-09-04T19:03:15.668+0000] {logging_mixin.py:188} INFO - [2026-09-04T19:03:15.668+0000] {dag.py:3947} INFO - Setting next_dagrun for datapulse_pipeline to 2026-09-04 18:00:00+00:00, run_after=2026-09-05 00:00:00+00:00
[2026-09-04T19:03:15.702+0000] {processor.py:183} INFO - Processing /opt/airflow/dags/datapulse_pipeline.py took 0.211 seconds
[2026-09-04T19:03:45.867+0000] {processor.py:161} INFO - Started process (PID=282) to work on /opt/airflow/dags/datapulse_pipeline.py
[2026-09-04T19:03:45.868+0000] {processor.py:830} INFO - Processing file /opt/airflow/dags/datapulse_pipeline.py for tasks to queue
[2026-09-04T19:03:45.872+0000] {logging_mixin.py:188} INFO - [2026-09-04T19:03:45.871+0000] {dagbag.py:545} INFO - Filling up the DagBag from /opt/airflow/dags/datapulse_pipeline.py
[2026-09-04T19:03:45.931+0000] {processor.py:840} INFO - DAG(s) 'datapulse_pipeline' retrieved from /opt/airflow/dags/datapulse_pipeline.py
[2026-09-04T19:03:45.985+0000] {logging_mixin.py:188} INFO - [2026-09-04T19:03:45.985+0000] {dag.py:3089} INFO - Sync 1 DAGs
[2026-09-04T19:03:46.018+0000] {logging_mixin.py:188} INFO - [2026-09-04T19:03:46.017+0000] {dag.py:3947} INFO - Setting next_dagrun for datapulse_pipeline to 2026-09-04 18:00:00+00:00, run_after=2026-09-05 00:00:00+00:00
[2026-09-04T19:03:46.052+0000] {processor.py:183} INFO - Processing /opt/airflow/dags/datapulse_pipeline.py took 0.196 seconds
[2026-09-04T19:04:16.315+0000] {processor.py:161} INFO - Started process (PID=287) to work on /opt/airflow/dags/datapulse_pipeline.py
[2026-09-04T19:04:16.316+0000] {processor.py:830} INFO - Processing file /opt/airflow/dags/datapulse_pipeline.py for tasks to queue
[2026-09-04T19:04:16.318+0000] {logging_mixin.py:188} INFO - [2026-09-04T19:04:16.318+0000] {dagbag.py:545} INFO - Filling up the DagBag from /opt/airflow/dags/datapulse_pipeline.py
[2026-09-04T19:04:16.352+0000] {processor.py:840} INFO - DAG(s) 'datapulse_pipeline' retrieved from /opt/airflow/dags/datapulse_pipeline.py
[2026-09-04T19:04:16.378+0000] {logging_mixin.py:188} INFO - [2026-09-04T19:04:16.378+0000] {dag.py:3089} INFO - Sync 1 DAGs
[2026-09-04T19:04:16.396+0000] {logging_mixin.py:188} INFO - [2026-09-04T19:04:16.396+0000] {dag.py:3947} INFO - Setting next_dagrun for datapulse_pipeline to 2026-09-04 18:00:00+00:00, run_after=2026-09-05 00:00:00+00:00
[2026-09-04T19:04:16.417+0000] {processor.py:183} INFO - Processing /opt/airflow/dags/datapulse_pipeline.py took 0.107 seconds
[2026-09-04T19:04:46.737+0000] {processor.py:161} INFO - Started process (PID=298) to work on /opt/airflow/dags/datapulse_pipeline.py
[2026-09-04T19:04:46.739+0000] {processor.py:830} INFO - Processing file /opt/airflow/dags/datapulse_pipeline.py for tasks to queue
[2026-09-04T19:04:46.741+0000] {logging_mixin.py:188} INFO - [2026-09-04T19:04:46.741+0000] {dagbag.py:545} INFO - Filling up the DagBag from /opt/airflow/dags/datapulse_pipeline.py
[2026-09-04T19:04:46.784+0000] {processor.py:840} INFO - DAG(s) 'datapulse_pipeline' retrieved from /opt/airflow/dags/datapulse_pipeline.py
[2026-09-04T19:04:46.833+0000] {logging_mixin.py:188} INFO - [2026-09-04T19:04:46.833+0000] {dag.py:3089} INFO - Sync 1 DAGs
[2026-09-04T19:04:46.868+0000] {logging_mixin.py:188} INFO - [2026-09-04T19:04:46.868+0000] {dag.py:3947} INFO - Setting next_dagrun for datapulse_pipeline to 2026-09-04 18:00:00+00:00, run_after=2026-09-05 00:00:00+00:00
[2026-09-04T19:04:46.899+0000] {processor.py:183} INFO - Processing /opt/airflow/dags/datapulse_pipeline.py took 0.169 seconds
[2026-09-04T19:05:17.091+0000] {processor.py:161} INFO - Started process (PID=303) to work on /opt/airflow/dags/datapulse_pipeline.py
[2026-09-04T19:05:17.093+0000] {processor.py:830} INFO - Processing file /opt/airflow/dags/datapulse_pipeline.py for tasks to queue
[2026-09-04T19:05:17.097+0000] {logging_mixin.py:188} INFO - [2026-09-04T19:05:17.096+0000] {dagbag.py:545} INFO - Filling up the DagBag from /opt/airflow/dags/datapulse_pipeline.py
[2026-09-04T19:05:17.153+0000] {processor.py:840} INFO - DAG(s) 'datapulse_pipeline' retrieved from /opt/airflow/dags/datapulse_pipeline.py
[2026-09-04T19:05:17.198+0000] {logging_mixin.py:188} INFO - [2026-09-04T19:05:17.197+0000] {dag.py:3089} INFO - Sync 1 DAGs
[2026-09-04T19:05:17.229+0000] {logging_mixin.py:188} INFO - [2026-09-04T19:05:17.229+0000] {dag.py:3947} INFO - Setting next_dagrun for datapulse_pipeline to 2026-09-04 18:00:00+00:00, run_after=2026-09-05 00:00:00+00:00
[2026-09-04T19:05:17.265+0000] {processor.py:183} INFO - Processing /opt/airflow/dags/datapulse_pipeline.py took 0.183 seconds
[2026-09-04T19:05:47.585+0000] {processor.py:161} INFO - Started process (PID=308) to work on /opt/airflow/dags/datapulse_pipeline.py
[2026-09-04T19:05:47.587+0000] {processor.py:830} INFO - Processing file /opt/airflow/dags/datapulse_pipeline.py for tasks to queue
[2026-09-04T19:05:47.591+0000] {logging_mixin.py:188} INFO - [2026-09-04T19:05:47.590+0000] {dagbag.py:545} INFO - Filling up the DagBag from /opt/airflow/dags/datapulse_pipeline.py
[2026-09-04T19:05:47.648+0000] {processor.py:840} INFO - DAG(s) 'datapulse_pipeline' retrieved from /opt/airflow/dags/datapulse_pipeline.py
[2026-09-04T19:05:47.695+0000] {logging_mixin.py:188} INFO - [2026-09-04T19:05:47.695+0000] {dag.py:3089} INFO - Sync 1 DAGs
[2026-09-04T19:05:47.730+0000] {logging_mixin.py:188} INFO - [2026-09-04T19:05:47.729+0000] {dag.py:3947} INFO - Setting next_dagrun for datapulse_pipeline to 2026-09-04 18:00:00+00:00, run_after=2026-09-05 00:00:00+00:00
[2026-09-04T19:05:47.765+0000] {processor.py:183} INFO - Processing /opt/airflow/dags/datapulse_pipeline.py took 0.187 seconds
[2026-09-04T19:06:17.945+0000] {processor.py:161} INFO - Started process (PID=313) to work on /opt/airflow/dags/datapulse_pipeline.py
[2026-09-04T19:06:17.949+0000] {processor.py:830} INFO - Processing file /opt/airflow/dags/datapulse_pipeline.py for tasks to queue
[2026-09-04T19:06:17.955+0000] {logging_mixin.py:188} INFO - [2026-09-04T19:06:17.954+0000] {dagbag.py:545} INFO - Filling up the DagBag from /opt/airflow/dags/datapulse_pipeline.py
[2026-09-04T19:06:18.017+0000] {processor.py:840} INFO - DAG(s) 'datapulse_pipeline' retrieved from /opt/airflow/dags/datapulse_pipeline.py
[2026-09-04T19:06:18.066+0000] {logging_mixin.py:188} INFO - [2026-09-04T19:06:18.065+0000] {dag.py:3089} INFO - Sync 1 DAGs
[2026-09-04T19:06:18.106+0000] {logging_mixin.py:188} INFO - [2026-09-04T19:06:18.105+0000] {dag.py:3947} INFO - Setting next_dagrun for datapulse_pipeline to 2026-09-04 18:00:00+00:00, run_after=2026-09-05 00:00:00+00:00
[2026-09-04T19:06:18.140+0000] {processor.py:183} INFO - Processing /opt/airflow/dags/datapulse_pipeline.py took 0.206 seconds
[2026-09-04T19:06:48.537+0000] {processor.py:161} INFO - Started process (PID=318) to work on /opt/airflow/dags/datapulse_pipeline.py
[2026-09-04T19:06:48.540+0000] {processor.py:830} INFO - Processing file /opt/airflow/dags/datapulse_pipeline.py for tasks to queue
[2026-09-04T19:06:48.543+0000] {logging_mixin.py:188} INFO - [2026-09-04T19:06:48.542+0000] {dagbag.py:545} INFO - Filling up the DagBag from /opt/airflow/dags/datapulse_pipeline.py
[2026-09-04T19:06:48.605+0000] {processor.py:840} INFO - DAG(s) 'datapulse_pipeline' retrieved from /opt/airflow/dags/datapulse_pipeline.py
[2026-09-04T19:06:48.648+0000] {logging_mixin.py:188} INFO - [2026-09-04T19:06:48.648+0000] {dag.py:3089} INFO - Sync 1 DAGs
[2026-09-04T19:06:48.679+0000] {logging_mixin.py:188} INFO - [2026-09-04T19:06:48.678+0000] {dag.py:3947} INFO - Setting next_dagrun for datapulse_pipeline to 2026-09-04 18:00:00+00:00, run_after=2026-09-05 00:00:00+00:00
[2026-09-04T19:06:48.709+0000] {processor.py:183} INFO - Processing /opt/airflow/dags/datapulse_pipeline.py took 0.182 seconds
[2026-09-04T19:07:18.860+0000] {processor.py:161} INFO - Started process (PID=323) to work on /opt/airflow/dags/datapulse_pipeline.py
[2026-09-04T19:07:18.862+0000] {processor.py:830} INFO - Processing file /opt/airflow/dags/datapulse_pipeline.py for tasks to queue
[2026-09-04T19:07:18.865+0000] {logging_mixin.py:188} INFO - [2026-09-04T19:07:18.864+0000] {dagbag.py:545} INFO - Filling up the DagBag from /opt/airflow/dags/datapulse_pipeline.py
[2026-09-04T19:07:18.914+0000] {processor.py:840} INFO - DAG(s) 'datapulse_pipeline' retrieved from /opt/airflow/dags/datapulse_pipeline.py
[2026-09-04T19:07:18.962+0000] {logging_mixin.py:188} INFO - [2026-09-04T19:07:18.961+0000] {dag.py:3089} INFO - Sync 1 DAGs
[2026-09-04T19:07:18.994+0000] {logging_mixin.py:188} INFO - [2026-09-04T19:07:18.993+0000] {dag.py:3947} INFO - Setting next_dagrun for datapulse_pipeline to 2026-09-04 18:00:00+00:00, run_after=2026-09-05 00:00:00+00:00
[2026-09-04T19:07:19.023+0000] {processor.py:183} INFO - Processing /opt/airflow/dags/datapulse_pipeline.py took 0.172 seconds
[2026-09-04T19:07:49.380+0000] {processor.py:161} INFO - Started process (PID=328) to work on /opt/airflow/dags/datapulse_pipeline.py
[2026-09-04T19:07:49.382+0000] {processor.py:830} INFO - Processing file /opt/airflow/dags/datapulse_pipeline.py for tasks to queue
[2026-09-04T19:07:49.386+0000] {logging_mixin.py:188} INFO - [2026-09-04T19:07:49.385+0000] {dagbag.py:545} INFO - Filling up the DagBag from /opt/airflow/dags/datapulse_pipeline.py
[2026-09-04T19:07:49.439+0000] {processor.py:840} INFO - DAG(s) 'datapulse_pipeline' retrieved from /opt/airflow/dags/datapulse_pipeline.py
[2026-09-04T19:07:49.492+0000] {logging_mixin.py:188} INFO - [2026-09-04T19:07:49.492+0000] {dag.py:3089} INFO - Sync 1 DAGs
[2026-09-04T19:07:49.530+0000] {logging_mixin.py:188} INFO - [2026-09-04T19:07:49.530+0000] {dag.py:3947} INFO - Setting next_dagrun for datapulse_pipeline to 2026-09-04 18:00:00+00:00, run_after=2026-09-05 00:00:00+00:00
[2026-09-04T19:07:49.563+0000] {processor.py:183} INFO - Processing /opt/airflow/dags/datapulse_pipeline.py took 0.192 seconds
[2026-09-04T19:08:19.683+0000] {processor.py:161} INFO - Started process (PID=333) to work on /opt/airflow/dags/datapulse_pipeline.py
[2026-09-04T19:08:19.684+0000] {processor.py:830} INFO - Processing file /opt/airflow/dags/datapulse_pipeline.py for tasks to queue
[2026-09-04T19:08:19.688+0000] {logging_mixin.py:188} INFO - [2026-09-04T19:08:19.687+0000] {dagbag.py:545} INFO - Filling up the DagBag from /opt/airflow/dags/datapulse_pipeline.py
[2026-09-04T19:08:19.728+0000] {processor.py:840} INFO - DAG(s) 'datapulse_pipeline' retrieved from /opt/airflow/dags/datapulse_pipeline.py
[2026-09-04T19:08:19.781+0000] {logging_mixin.py:188} INFO - [2026-09-04T19:08:19.781+0000] {dag.py:3089} INFO - Sync 1 DAGs
[2026-09-04T19:08:19.819+0000] {logging_mixin.py:188} INFO - [2026-09-04T19:08:19.818+0000] {dag.py:3947} INFO - Setting next_dagrun for datapulse_pipeline to 2026-09-04 18:00:00+00:00, run_after=2026-09-05 00:00:00+00:00
[2026-09-04T19:08:19.847+0000] {processor.py:183} INFO - Processing /opt/airflow/dags/datapulse_pipeline.py took 0.173 seconds
[2026-09-04T19:08:50.152+0000] {processor.py:161} INFO - Started process (PID=338) to work on /opt/airflow/dags/datapulse_pipeline.py
[2026-09-04T19:08:50.154+0000] {processor.py:830} INFO - Processing file /opt/airflow/dags/datapulse_pipeline.py for tasks to queue
[2026-09-04T19:08:50.157+0000] {logging_mixin.py:188} INFO - [2026-09-04T19:08:50.157+0000] {dagbag.py:545} INFO - Filling up the DagBag from /opt/airflow/dags/datapulse_pipeline.py
[2026-09-04T19:08:50.199+0000] {processor.py:840} INFO - DAG(s) 'datapulse_pipeline' retrieved from /opt/airflow/dags/datapulse_pipeline.py
[2026-09-04T19:08:50.256+0000] {logging_mixin.py:188} INFO - [2026-09-04T19:08:50.256+0000] {dag.py:3089} INFO - Sync 1 DAGs
[2026-09-04T19:08:50.284+0000] {logging_mixin.py:188} INFO - [2026-09-04T19:08:50.284+0000] {dag.py:3947} INFO - Setting next_dagrun for datapulse_pipeline to 2026-09-04 18:00:00+00:00, run_after=2026-09-05 00:00:00+00:00
[2026-09-04T19:08:50.313+0000] {processor.py:183} INFO - Processing /opt/airflow/dags/datapulse_pipeline.py took 0.170 seconds
[2026-09-04T19:09:20.420+0000] {processor.py:161} INFO - Started process (PID=343) to work on /opt/airflow/dags/datapulse_pipeline.py
[2026-09-04T19:09:20.422+0000] {processor.py:830} INFO - Processing file /opt/airflow/dags/datapulse_pipeline.py for tasks to queue
[2026-09-04T19:09:20.425+0000] {logging_mixin.py:188} INFO - [2026-09-04T19:09:20.424+0000] {dagbag.py:545} INFO - Filling up the DagBag from /opt/airflow/dags/datapulse_pipeline.py
[2026-09-04T19:09:20.485+0000] {processor.py:840} INFO - DAG(s) 'datapulse_pipeline' retrieved from /opt/airflow/dags/datapulse_pipeline.py
[2026-09-04T19:09:20.554+0000] {logging_mixin.py:188} INFO - [2026-09-04T19:09:20.553+0000] {dag.py:3089} INFO - Sync 1 DAGs
[2026-09-04T19:09:20.596+0000] {logging_mixin.py:188} INFO - [2026-09-04T19:09:20.595+0000] {dag.py:3947} INFO - Setting next_dagrun for datapulse_pipeline to 2026-09-04 18:00:00+00:00, run_after=2026-09-05 00:00:00+00:00
[2026-09-04T19:09:20.623+0000] {processor.py:183} INFO - Processing /opt/airflow/dags/datapulse_pipeline.py took 0.218 seconds
[2026-09-04T19:09:40.905+0000] {processor.py:161} INFO - Started process (PID=178) to work on /opt/airflow/dags/datapulse_pipeline.py
[2026-09-04T19:09:40.906+0000] {processor.py:830} INFO - Processing file /opt/airflow/dags/datapulse_pipeline.py for tasks to queue
[2026-09-04T19:09:40.908+0000] {logging_mixin.py:188} INFO - [2026-09-04T19:09:40.908+0000] {dagbag.py:545} INFO - Filling up the DagBag from /opt/airflow/dags/datapulse_pipeline.py
[2026-09-04T19:09:40.944+0000] {processor.py:840} INFO - DAG(s) 'datapulse_pipeline' retrieved from /opt/airflow/dags/datapulse_pipeline.py
[2026-09-04T19:09:41.071+0000] {logging_mixin.py:188} INFO - [2026-09-04T19:09:41.070+0000] {dag.py:3089} INFO - Sync 1 DAGs
[2026-09-04T19:09:41.096+0000] {logging_mixin.py:188} INFO - [2026-09-04T19:09:41.096+0000] {dag.py:3947} INFO - Setting next_dagrun for datapulse_pipeline to 2026-09-04 18:00:00+00:00, run_after=2026-09-05 00:00:00+00:00
[2026-09-04T19:09:41.122+0000] {processor.py:183} INFO - Processing /opt/airflow/dags/datapulse_pipeline.py took 0.222 seconds
[2026-09-04T19:10:11.241+0000] {processor.py:161} INFO - Started process (PID=183) to work on /opt/airflow/dags/datapulse_pipeline.py
[2026-09-04T19:10:11.242+0000] {processor.py:830} INFO - Processing file /opt/airflow/dags/datapulse_pipeline.py for tasks to queue
[2026-09-04T19:10:11.245+0000] {logging_mixin.py:188} INFO - [2026-09-04T19:10:11.245+0000] {dagbag.py:545} INFO - Filling up the DagBag from /opt/airflow/dags/datapulse_pipeline.py
[2026-09-04T19:10:11.292+0000] {processor.py:840} INFO - DAG(s) 'datapulse_pipeline' retrieved from /opt/airflow/dags/datapulse_pipeline.py
[2026-09-04T19:10:11.344+0000] {logging_mixin.py:188} INFO - [2026-09-04T19:10:11.344+0000] {dag.py:3089} INFO - Sync 1 DAGs
[2026-09-04T19:10:11.380+0000] {logging_mixin.py:188} INFO - [2026-09-04T19:10:11.380+0000] {dag.py:3947} INFO - Setting next_dagrun for datapulse_pipeline to 2026-09-04 18:00:00+00:00, run_after=2026-09-05 00:00:00+00:00
[2026-09-04T19:10:11.420+0000] {processor.py:183} INFO - Processing /opt/airflow/dags/datapulse_pipeline.py took 0.190 seconds
[2026-09-04T19:10:41.792+0000] {processor.py:161} INFO - Started process (PID=188) to work on /opt/airflow/dags/datapulse_pipeline.py
[2026-09-04T19:10:41.794+0000] {processor.py:830} INFO - Processing file /opt/airflow/dags/datapulse_pipeline.py for tasks to queue
[2026-09-04T19:10:41.797+0000] {logging_mixin.py:188} INFO - [2026-09-04T19:10:41.796+0000] {dagbag.py:545} INFO - Filling up the DagBag from /opt/airflow/dags/datapulse_pipeline.py
[2026-09-04T19:10:41.859+0000] {processor.py:840} INFO - DAG(s) 'datapulse_pipeline' retrieved from /opt/airflow/dags/datapulse_pipeline.py
[2026-09-04T19:10:41.910+0000] {logging_mixin.py:188} INFO - [2026-09-04T19:10:41.909+0000] {dag.py:3089} INFO - Sync 1 DAGs
[2026-09-04T19:10:41.950+0000] {logging_mixin.py:188} INFO - [2026-09-04T19:10:41.950+0000] {dag.py:3947} INFO - Setting next_dagrun for datapulse_pipeline to 2026-09-04 18:00:00+00:00, run_after=2026-09-05 00:00:00+00:00
[2026-09-04T19:10:41.985+0000] {processor.py:183} INFO - Processing /opt/airflow/dags/datapulse_pipeline.py took 0.204 seconds
[2026-09-04T19:11:12.262+0000] {processor.py:161} INFO - Started process (PID=197) to work on /opt/airflow/dags/datapulse_pipeline.py
[2026-09-04T19:11:12.264+0000] {processor.py:830} INFO - Processing file /opt/airflow/dags/datapulse_pipeline.py for tasks to queue
[2026-09-04T19:11:12.267+0000] {logging_mixin.py:188} INFO - [2026-09-04T19:11:12.267+0000] {dagbag.py:545} INFO - Filling up the DagBag from /opt/airflow/dags/datapulse_pipeline.py
[2026-09-04T19:11:12.306+0000] {processor.py:840} INFO - DAG(s) 'datapulse_pipeline' retrieved from /opt/airflow/dags/datapulse_pipeline.py
[2026-09-04T19:11:12.346+0000] {logging_mixin.py:188} INFO - [2026-09-04T19:11:12.346+0000] {dag.py:3089} INFO - Sync 1 DAGs
[2026-09-04T19:11:12.376+0000] {logging_mixin.py:188} INFO - [2026-09-04T19:11:12.375+0000] {dag.py:3947} INFO - Setting next_dagrun for datapulse_pipeline to 2026-09-04 18:00:00+00:00, run_after=2026-09-05 00:00:00+00:00
[2026-09-04T19:11:12.402+0000] {processor.py:183} INFO - Processing /opt/airflow/dags/datapulse_pipeline.py took 0.149 seconds
[2026-09-04T19:11:42.479+0000] {processor.py:161} INFO - Started process (PID=202) to work on /opt/airflow/dags/datapulse_pipeline.py
[2026-09-04T19:11:42.481+0000] {processor.py:830} INFO - Processing file /opt/airflow/dags/datapulse_pipeline.py for tasks to queue
[2026-09-04T19:11:42.486+0000] {logging_mixin.py:188} INFO - [2026-09-04T19:11:42.485+0000] {dagbag.py:545} INFO - Filling up the DagBag from /opt/airflow/dags/datapulse_pipeline.py
[2026-09-04T19:11:42.527+0000] {processor.py:840} INFO - DAG(s) 'datapulse_pipeline' retrieved from /opt/airflow/dags/datapulse_pipeline.py
[2026-09-04T19:11:42.568+0000] {logging_mixin.py:188} INFO - [2026-09-04T19:11:42.568+0000] {dag.py:3089} INFO - Sync 1 DAGs
[2026-09-04T19:11:42.596+0000] {logging_mixin.py:188} INFO - [2026-09-04T19:11:42.596+0000] {dag.py:3947} INFO - Setting next_dagrun for datapulse_pipeline to 2026-09-04 18:00:00+00:00, run_after=2026-09-05 00:00:00+00:00
[2026-09-04T19:11:42.623+0000] {processor.py:183} INFO - Processing /opt/airflow/dags/datapulse_pipeline.py took 0.152 seconds
[2026-09-04T19:12:12.869+0000] {processor.py:161} INFO - Started process (PID=207) to work on /opt/airflow/dags/datapulse_pipeline.py
[2026-09-04T19:12:12.871+0000] {processor.py:830} INFO - Processing file /opt/airflow/dags/datapulse_pipeline.py for tasks to queue
[2026-09-04T19:12:12.875+0000] {logging_mixin.py:188} INFO - [2026-09-04T19:12:12.874+0000] {dagbag.py:545} INFO - Filling up the DagBag from /opt/airflow/dags/datapulse_pipeline.py
[2026-09-04T19:12:12.916+0000] {processor.py:840} INFO - DAG(s) 'datapulse_pipeline' retrieved from /opt/airflow/dags/datapulse_pipeline.py
[2026-09-04T19:12:12.968+0000] {logging_mixin.py:188} INFO - [2026-09-04T19:12:12.968+0000] {dag.py:3089} INFO - Sync 1 DAGs
[2026-09-04T19:12:13.005+0000] {logging_mixin.py:188} INFO - [2026-09-04T19:12:13.005+0000] {dag.py:3947} INFO - Setting next_dagrun for datapulse_pipeline to 2026-09-04 18:00:00+00:00, run_after=2026-09-05 00:00:00+00:00
[2026-09-04T19:12:13.037+0000] {processor.py:183} INFO - Processing /opt/airflow/dags/datapulse_pipeline.py took 0.178 seconds
[2026-09-04T19:12:43.313+0000] {processor.py:161} INFO - Started process (PID=212) to work on /opt/airflow/dags/datapulse_pipeline.py
[2026-09-04T19:12:43.315+0000] {processor.py:830} INFO - Processing file /opt/airflow/dags/datapulse_pipeline.py for tasks to queue
[2026-09-04T19:12:43.318+0000] {logging_mixin.py:188} INFO - [2026-09-04T19:12:43.317+0000] {dagbag.py:545} INFO - Filling up the DagBag from /opt/airflow/dags/datapulse_pipeline.py
[2026-09-04T19:12:43.362+0000] {processor.py:840} INFO - DAG(s) 'datapulse_pipeline' retrieved from /opt/airflow/dags/datapulse_pipeline.py
[2026-09-04T19:12:43.404+0000] {logging_mixin.py:188} INFO - [2026-09-04T19:12:43.403+0000] {dag.py:3089} INFO - Sync 1 DAGs
[2026-09-04T19:12:43.435+0000] {logging_mixin.py:188} INFO - [2026-09-04T19:12:43.434+0000] {dag.py:3947} INFO - Setting next_dagrun for datapulse_pipeline to 2026-09-04 18:00:00+00:00, run_after=2026-09-05 00:00:00+00:00
[2026-09-04T19:12:43.461+0000] {processor.py:183} INFO - Processing /opt/airflow/dags/datapulse_pipeline.py took 0.158 seconds
[2026-09-04T19:13:13.722+0000] {processor.py:161} INFO - Started process (PID=220) to work on /opt/airflow/dags/datapulse_pipeline.py
[2026-09-04T19:13:13.724+0000] {processor.py:830} INFO - Processing file /opt/airflow/dags/datapulse_pipeline.py for tasks to queue
[2026-09-04T19:13:13.726+0000] {logging_mixin.py:188} INFO - [2026-09-04T19:13:13.726+0000] {dagbag.py:545} INFO - Filling up the DagBag from /opt/airflow/dags/datapulse_pipeline.py
[2026-09-04T19:13:13.765+0000] {processor.py:840} INFO - DAG(s) 'datapulse_pipeline' retrieved from /opt/airflow/dags/datapulse_pipeline.py
[2026-09-04T19:13:13.804+0000] {logging_mixin.py:188} INFO - [2026-09-04T19:13:13.804+0000] {dag.py:3089} INFO - Sync 1 DAGs
[2026-09-04T19:13:13.831+0000] {logging_mixin.py:188} INFO - [2026-09-04T19:13:13.831+0000] {dag.py:3947} INFO - Setting next_dagrun for datapulse_pipeline to 2026-09-04 18:00:00+00:00, run_after=2026-09-05 00:00:00+00:00
[2026-09-04T19:13:13.856+0000] {processor.py:183} INFO - Processing /opt/airflow/dags/datapulse_pipeline.py took 0.143 seconds
[2026-09-04T19:13:44.046+0000] {processor.py:161} INFO - Started process (PID=225) to work on /opt/airflow/dags/datapulse_pipeline.py
[2026-09-04T19:13:44.047+0000] {processor.py:830} INFO - Processing file /opt/airflow/dags/datapulse_pipeline.py for tasks to queue
[2026-09-04T19:13:44.050+0000] {logging_mixin.py:188} INFO - [2026-09-04T19:13:44.050+0000] {dagbag.py:545} INFO - Filling up the DagBag from /opt/airflow/dags/datapulse_pipeline.py
[2026-09-04T19:13:44.087+0000] {processor.py:840} INFO - DAG(s) 'datapulse_pipeline' retrieved from /opt/airflow/dags/datapulse_pipeline.py
[2026-09-04T19:13:44.132+0000] {logging_mixin.py:188} INFO - [2026-09-04T19:13:44.132+0000] {dag.py:3089} INFO - Sync 1 DAGs
[2026-09-04T19:13:44.160+0000] {logging_mixin.py:188} INFO - [2026-09-04T19:13:44.160+0000] {dag.py:3947} INFO - Setting next_dagrun for datapulse_pipeline to 2026-09-04 18:00:00+00:00, run_after=2026-09-05 00:00:00+00:00
[2026-09-04T19:13:44.186+0000] {processor.py:183} INFO - Processing /opt/airflow/dags/datapulse_pipeline.py took 0.151 seconds
[2026-09-04T19:14:14.486+0000] {processor.py:161} INFO - Started process (PID=230) to work on /opt/airflow/dags/datapulse_pipeline.py
[2026-09-04T19:14:14.489+0000] {processor.py:830} INFO - Processing file /opt/airflow/dags/datapulse_pipeline.py for tasks to queue
[2026-09-04T19:14:14.494+0000] {logging_mixin.py:188} INFO - [2026-09-04T19:14:14.493+0000] {dagbag.py:545} INFO - Filling up the DagBag from /opt/airflow/dags/datapulse_pipeline.py
[2026-09-04T19:14:14.553+0000] {processor.py:840} INFO - DAG(s) 'datapulse_pipeline' retrieved from /opt/airflow/dags/datapulse_pipeline.py
[2026-09-04T19:14:14.606+0000] {logging_mixin.py:188} INFO - [2026-09-04T19:14:14.605+0000] {dag.py:3089} INFO - Sync 1 DAGs
[2026-09-04T19:14:14.646+0000] {logging_mixin.py:188} INFO - [2026-09-04T19:14:14.645+0000] {dag.py:3947} INFO - Setting next_dagrun for datapulse_pipeline to 2026-09-04 18:00:00+00:00, run_after=2026-09-05 00:00:00+00:00
[2026-09-04T19:14:14.678+0000] {processor.py:183} INFO - Processing /opt/airflow/dags/datapulse_pipeline.py took 0.205 seconds
[2026-09-04T19:14:44.838+0000] {processor.py:161} INFO - Started process (PID=235) to work on /opt/airflow/dags/datapulse_pipeline.py
[2026-09-04T19:14:44.848+0000] {processor.py:830} INFO - Processing file /opt/airflow/dags/datapulse_pipeline.py for tasks to queue
[2026-09-04T19:14:44.857+0000] {logging_mixin.py:188} INFO - [2026-09-04T19:14:44.856+0000] {dagbag.py:545} INFO - Filling up the DagBag from /opt/airflow/dags/datapulse_pipeline.py
[2026-09-04T19:14:44.916+0000] {processor.py:840} INFO - DAG(s) 'datapulse_pipeline' retrieved from /opt/airflow/dags/datapulse_pipeline.py
[2026-09-04T19:14:44.971+0000] {logging_mixin.py:188} INFO - [2026-09-04T19:14:44.971+0000] {dag.py:3089} INFO - Sync 1 DAGs
[2026-09-04T19:14:45.004+0000] {logging_mixin.py:188} INFO - [2026-09-04T19:14:45.003+0000] {dag.py:3947} INFO - Setting next_dagrun for datapulse_pipeline to 2026-09-04 18:00:00+00:00, run_after=2026-09-05 00:00:00+00:00
[2026-09-04T19:14:45.033+0000] {processor.py:183} INFO - Processing /opt/airflow/dags/datapulse_pipeline.py took 0.209 seconds
[2026-09-04T19:15:15.136+0000] {processor.py:161} INFO - Started process (PID=240) to work on /opt/airflow/dags/datapulse_pipeline.py
[2026-09-04T19:15:15.138+0000] {processor.py:830} INFO - Processing file /opt/airflow/dags/datapulse_pipeline.py for tasks to queue
[2026-09-04T19:15:15.142+0000] {logging_mixin.py:188} INFO - [2026-09-04T19:15:15.141+0000] {dagbag.py:545} INFO - Filling up the DagBag from /opt/airflow/dags/datapulse_pipeline.py
[2026-09-04T19:15:15.185+0000] {processor.py:840} INFO - DAG(s) 'datapulse_pipeline' retrieved from /opt/airflow/dags/datapulse_pipeline.py
[2026-09-04T19:15:15.230+0000] {logging_mixin.py:188} INFO - [2026-09-04T19:15:15.230+0000] {dag.py:3089} INFO - Sync 1 DAGs
[2026-09-04T19:15:15.262+0000] {logging_mixin.py:188} INFO - [2026-09-04T19:15:15.262+0000] {dag.py:3947} INFO - Setting next_dagrun for datapulse_pipeline to 2026-09-04 18:00:00+00:00, run_after=2026-09-05 00:00:00+00:00
[2026-09-04T19:15:15.293+0000] {processor.py:183} INFO - Processing /opt/airflow/dags/datapulse_pipeline.py took 0.167 seconds
[2026-09-04T19:15:45.575+0000] {processor.py:161} INFO - Started process (PID=245) to work on /opt/airflow/dags/datapulse_pipeline.py
[2026-09-04T19:15:45.579+0000] {processor.py:830} INFO - Processing file /opt/airflow/dags/datapulse_pipeline.py for tasks to queue
[2026-09-04T19:15:45.582+0000] {logging_mixin.py:188} INFO - [2026-09-04T19:15:45.582+0000] {dagbag.py:545} INFO - Filling up the DagBag from /opt/airflow/dags/datapulse_pipeline.py
[2026-09-04T19:15:45.638+0000] {processor.py:840} INFO - DAG(s) 'datapulse_pipeline' retrieved from /opt/airflow/dags/datapulse_pipeline.py
[2026-09-04T19:15:45.680+0000] {logging_mixin.py:188} INFO - [2026-09-04T19:15:45.680+0000] {dag.py:3089} INFO - Sync 1 DAGs
[2026-09-04T19:15:45.711+0000] {logging_mixin.py:188} INFO - [2026-09-04T19:15:45.711+0000] {dag.py:3947} INFO - Setting next_dagrun for datapulse_pipeline to 2026-09-04 18:00:00+00:00, run_after=2026-09-05 00:00:00+00:00
[2026-09-04T19:15:45.744+0000] {processor.py:183} INFO - Processing /opt/airflow/dags/datapulse_pipeline.py took 0.178 seconds
[2026-09-04T19:16:15.926+0000] {processor.py:161} INFO - Started process (PID=250) to work on /opt/airflow/dags/datapulse_pipeline.py
[2026-09-04T19:16:15.928+0000] {processor.py:830} INFO - Processing file /opt/airflow/dags/datapulse_pipeline.py for tasks to queue
[2026-09-04T19:16:15.940+0000] {logging_mixin.py:188} INFO - [2026-09-04T19:16:15.939+0000] {dagbag.py:545} INFO - Filling up the DagBag from /opt/airflow/dags/datapulse_pipeline.py
[2026-09-04T19:16:15.995+0000] {processor.py:840} INFO - DAG(s) 'datapulse_pipeline' retrieved from /opt/airflow/dags/datapulse_pipeline.py
[2026-09-04T19:16:16.053+0000] {logging_mixin.py:188} INFO - [2026-09-04T19:16:16.052+0000] {dag.py:3089} INFO - Sync 1 DAGs
[2026-09-04T19:16:16.092+0000] {logging_mixin.py:188} INFO - [2026-09-04T19:16:16.092+0000] {dag.py:3947} INFO - Setting next_dagrun for datapulse_pipeline to 2026-09-04 18:00:00+00:00, run_after=2026-09-05 00:00:00+00:00
[2026-09-04T19:16:16.126+0000] {processor.py:183} INFO - Processing /opt/airflow/dags/datapulse_pipeline.py took 0.211 seconds
[2026-09-04T19:16:46.348+0000] {processor.py:161} INFO - Started process (PID=255) to work on /opt/airflow/dags/datapulse_pipeline.py
[2026-09-04T19:16:46.350+0000] {processor.py:830} INFO - Processing file /opt/airflow/dags/datapulse_pipeline.py for tasks to queue
[2026-09-04T19:16:46.353+0000] {logging_mixin.py:188} INFO - [2026-09-04T19:16:46.352+0000] {dagbag.py:545} INFO - Filling up the DagBag from /opt/airflow/dags/datapulse_pipeline.py
[2026-09-04T19:16:46.396+0000] {processor.py:840} INFO - DAG(s) 'datapulse_pipeline' retrieved from /opt/airflow/dags/datapulse_pipeline.py
[2026-09-04T19:16:46.442+0000] {logging_mixin.py:188} INFO - [2026-09-04T19:16:46.442+0000] {dag.py:3089} INFO - Sync 1 DAGs
[2026-09-04T19:16:46.472+0000] {logging_mixin.py:188} INFO - [2026-09-04T19:16:46.472+0000] {dag.py:3947} INFO - Setting next_dagrun for datapulse_pipeline to 2026-09-04 18:00:00+00:00, run_after=2026-09-05 00:00:00+00:00
[2026-09-04T19:16:46.501+0000] {processor.py:183} INFO - Processing /opt/airflow/dags/datapulse_pipeline.py took 0.162 seconds
[2026-09-04T19:17:16.766+0000] {processor.py:161} INFO - Started process (PID=260) to work on /opt/airflow/dags/datapulse_pipeline.py
[2026-09-04T19:17:16.768+0000] {processor.py:830} INFO - Processing file /opt/airflow/dags/datapulse_pipeline.py for tasks to queue
[2026-09-04T19:17:16.772+0000] {logging_mixin.py:188} INFO - [2026-09-04T19:17:16.772+0000] {dagbag.py:545} INFO - Filling up the DagBag from /opt/airflow/dags/datapulse_pipeline.py
[2026-09-04T19:17:16.832+0000] {processor.py:840} INFO - DAG(s) 'datapulse_pipeline' retrieved from /opt/airflow/dags/datapulse_pipeline.py
[2026-09-04T19:17:16.881+0000] {logging_mixin.py:188} INFO - [2026-09-04T19:17:16.881+0000] {dag.py:3089} INFO - Sync 1 DAGs
[2026-09-04T19:17:16.914+0000] {logging_mixin.py:188} INFO - [2026-09-04T19:17:16.913+0000] {dag.py:3947} INFO - Setting next_dagrun for datapulse_pipeline to 2026-09-04 18:00:00+00:00, run_after=2026-09-05 00:00:00+00:00
[2026-09-04T19:17:16.944+0000] {processor.py:183} INFO - Processing /opt/airflow/dags/datapulse_pipeline.py took 0.186 seconds
[2026-09-04T19:17:47.170+0000] {processor.py:161} INFO - Started process (PID=265) to work on /opt/airflow/dags/datapulse_pipeline.py
[2026-09-04T19:17:47.172+0000] {processor.py:830} INFO - Processing file /opt/airflow/dags/datapulse_pipeline.py for tasks to queue
[2026-09-04T19:17:47.176+0000] {logging_mixin.py:188} INFO - [2026-09-04T19:17:47.175+0000] {dagbag.py:545} INFO - Filling up the DagBag from /opt/airflow/dags/datapulse_pipeline.py
[2026-09-04T19:17:47.240+0000] {processor.py:840} INFO - DAG(s) 'datapulse_pipeline' retrieved from /opt/airflow/dags/datapulse_pipeline.py
[2026-09-04T19:17:47.294+0000] {logging_mixin.py:188} INFO - [2026-09-04T19:17:47.294+0000] {dag.py:3089} INFO - Sync 1 DAGs
[2026-09-04T19:17:47.331+0000] {logging_mixin.py:188} INFO - [2026-09-04T19:17:47.331+0000] {dag.py:3947} INFO - Setting next_dagrun for datapulse_pipeline to 2026-09-04 18:00:00+00:00, run_after=2026-09-05 00:00:00+00:00
[2026-09-04T19:17:47.366+0000] {processor.py:183} INFO - Processing /opt/airflow/dags/datapulse_pipeline.py took 0.206 seconds
[2026-09-04T19:18:17.614+0000] {processor.py:161} INFO - Started process (PID=273) to work on /opt/airflow/dags/datapulse_pipeline.py
[2026-09-04T19:18:17.616+0000] {processor.py:830} INFO - Processing file /opt/airflow/dags/datapulse_pipeline.py for tasks to queue
[2026-09-04T19:18:17.620+0000] {logging_mixin.py:188} INFO - [2026-09-04T19:18:17.619+0000] {dagbag.py:545} INFO - Filling up the DagBag from /opt/airflow/dags/datapulse_pipeline.py
[2026-09-04T19:18:17.668+0000] {processor.py:840} INFO - DAG(s) 'datapulse_pipeline' retrieved from /opt/airflow/dags/datapulse_pipeline.py
[2026-09-04T19:18:17.709+0000] {logging_mixin.py:188} INFO - [2026-09-04T19:18:17.709+0000] {dag.py:3089} INFO - Sync 1 DAGs
[2026-09-04T19:18:17.739+0000] {logging_mixin.py:188} INFO - [2026-09-04T19:18:17.739+0000] {dag.py:3947} INFO - Setting next_dagrun for datapulse_pipeline to 2026-09-04 18:00:00+00:00, run_after=2026-09-05 00:00:00+00:00
[2026-09-04T19:18:17.767+0000] {processor.py:183} INFO - Processing /opt/airflow/dags/datapulse_pipeline.py took 0.166 seconds
[2026-09-04T19:18:48.045+0000] {processor.py:161} INFO - Started process (PID=278) to work on /opt/airflow/dags/datapulse_pipeline.py
[2026-09-04T19:18:48.047+0000] {processor.py:830} INFO - Processing file /opt/airflow/dags/datapulse_pipeline.py for tasks to queue
[2026-09-04T19:18:48.051+0000] {logging_mixin.py:188} INFO - [2026-09-04T19:18:48.050+0000] {dagbag.py:545} INFO - Filling up the DagBag from /opt/airflow/dags/datapulse_pipeline.py
[2026-09-04T19:18:48.111+0000] {processor.py:840} INFO - DAG(s) 'datapulse_pipeline' retrieved from /opt/airflow/dags/datapulse_pipeline.py
[2026-09-04T19:18:48.161+0000] {logging_mixin.py:188} INFO - [2026-09-04T19:18:48.161+0000] {dag.py:3089} INFO - Sync 1 DAGs
[2026-09-04T19:18:48.192+0000] {logging_mixin.py:188} INFO - [2026-09-04T19:18:48.192+0000] {dag.py:3947} INFO - Setting next_dagrun for datapulse_pipeline to 2026-09-04 18:00:00+00:00, run_after=2026-09-05 00:00:00+00:00
[2026-09-04T19:18:48.233+0000] {processor.py:183} INFO - Processing /opt/airflow/dags/datapulse_pipeline.py took 0.200 seconds
[2026-09-04T19:19:18.388+0000] {processor.py:161} INFO - Started process (PID=283) to work on /opt/airflow/dags/datapulse_pipeline.py
[2026-09-04T19:19:18.391+0000] {processor.py:830} INFO - Processing file /opt/airflow/dags/datapulse_pipeline.py for tasks to queue
[2026-09-04T19:19:18.395+0000] {logging_mixin.py:188} INFO - [2026-09-04T19:19:18.394+0000] {dagbag.py:545} INFO - Filling up the DagBag from /opt/airflow/dags/datapulse_pipeline.py
[2026-09-04T19:19:18.449+0000] {processor.py:840} INFO - DAG(s) 'datapulse_pipeline' retrieved from /opt/airflow/dags/datapulse_pipeline.py
[2026-09-04T19:19:18.497+0000] {logging_mixin.py:188} INFO - [2026-09-04T19:19:18.497+0000] {dag.py:3089} INFO - Sync 1 DAGs
[2026-09-04T19:19:18.534+0000] {logging_mixin.py:188} INFO - [2026-09-04T19:19:18.534+0000] {dag.py:3947} INFO - Setting next_dagrun for datapulse_pipeline to 2026-09-04 18:00:00+00:00, run_after=2026-09-05 00:00:00+00:00
[2026-09-04T19:19:18.572+0000] {processor.py:183} INFO - Processing /opt/airflow/dags/datapulse_pipeline.py took 0.197 seconds
[2026-09-04T19:19:48.938+0000] {processor.py:161} INFO - Started process (PID=288) to work on /opt/airflow/dags/datapulse_pipeline.py
[2026-09-04T19:19:48.941+0000] {processor.py:830} INFO - Processing file /opt/airflow/dags/datapulse_pipeline.py for tasks to queue
[2026-09-04T19:19:48.944+0000] {logging_mixin.py:188} INFO - [2026-09-04T19:19:48.944+0000] {dagbag.py:545} INFO - Filling up the DagBag from /opt/airflow/dags/datapulse_pipeline.py
[2026-09-04T19:19:48.988+0000] {processor.py:840} INFO - DAG(s) 'datapulse_pipeline' retrieved from /opt/airflow/dags/datapulse_pipeline.py
[2026-09-04T19:19:49.040+0000] {logging_mixin.py:188} INFO - [2026-09-04T19:19:49.040+0000] {dag.py:3089} INFO - Sync 1 DAGs
[2026-09-04T19:19:49.076+0000] {logging_mixin.py:188} INFO - [2026-09-04T19:19:49.076+0000] {dag.py:3947} INFO - Setting next_dagrun for datapulse_pipeline to 2026-09-04 18:00:00+00:00, run_after=2026-09-05 00:00:00+00:00
[2026-09-04T19:19:49.098+0000] {processor.py:183} INFO - Processing /opt/airflow/dags/datapulse_pipeline.py took 0.167 seconds
[2026-09-04T19:20:19.276+0000] {processor.py:161} INFO - Started process (PID=293) to work on /opt/airflow/dags/datapulse_pipeline.py
[2026-09-04T19:20:19.278+0000] {processor.py:830} INFO - Processing file /opt/airflow/dags/datapulse_pipeline.py for tasks to queue
[2026-09-04T19:20:19.281+0000] {logging_mixin.py:188} INFO - [2026-09-04T19:20:19.280+0000] {dagbag.py:545} INFO - Filling up the DagBag from /opt/airflow/dags/datapulse_pipeline.py
[2026-09-04T19:20:19.328+0000] {processor.py:840} INFO - DAG(s) 'datapulse_pipeline' retrieved from /opt/airflow/dags/datapulse_pipeline.py
[2026-09-04T19:20:19.379+0000] {logging_mixin.py:188} INFO - [2026-09-04T19:20:19.379+0000] {dag.py:3089} INFO - Sync 1 DAGs
[2026-09-04T19:20:19.412+0000] {logging_mixin.py:188} INFO - [2026-09-04T19:20:19.412+0000] {dag.py:3947} INFO - Setting next_dagrun for datapulse_pipeline to 2026-09-04 18:00:00+00:00, run_after=2026-09-05 00:00:00+00:00
[2026-09-04T19:20:19.444+0000] {processor.py:183} INFO - Processing /opt/airflow/dags/datapulse_pipeline.py took 0.178 seconds
[2026-09-04T19:20:49.763+0000] {processor.py:161} INFO - Started process (PID=298) to work on /opt/airflow/dags/datapulse_pipeline.py
[2026-09-04T19:20:49.765+0000] {processor.py:830} INFO - Processing file /opt/airflow/dags/datapulse_pipeline.py for tasks to queue
[2026-09-04T19:20:49.769+0000] {logging_mixin.py:188} INFO - [2026-09-04T19:20:49.768+0000] {dagbag.py:545} INFO - Filling up the DagBag from /opt/airflow/dags/datapulse_pipeline.py
[2026-09-04T19:20:49.817+0000] {processor.py:840} INFO - DAG(s) 'datapulse_pipeline' retrieved from /opt/airflow/dags/datapulse_pipeline.py
[2026-09-04T19:20:49.862+0000] {logging_mixin.py:188} INFO - [2026-09-04T19:20:49.861+0000] {dag.py:3089} INFO - Sync 1 DAGs
[2026-09-04T19:20:49.894+0000] {logging_mixin.py:188} INFO - [2026-09-04T19:20:49.894+0000] {dag.py:3947} INFO - Setting next_dagrun for datapulse_pipeline to 2026-09-04 18:00:00+00:00, run_after=2026-09-05 00:00:00+00:00
[2026-09-04T19:20:49.927+0000] {processor.py:183} INFO - Processing /opt/airflow/dags/datapulse_pipeline.py took 0.173 seconds
[2026-09-04T19:21:20.155+0000] {processor.py:161} INFO - Started process (PID=303) to work on /opt/airflow/dags/datapulse_pipeline.py
[2026-09-04T19:21:20.179+0000] {processor.py:830} INFO - Processing file /opt/airflow/dags/datapulse_pipeline.py for tasks to queue
[2026-09-04T19:21:20.185+0000] {logging_mixin.py:188} INFO - [2026-09-04T19:21:20.184+0000] {dagbag.py:545} INFO - Filling up the DagBag from /opt/airflow/dags/datapulse_pipeline.py
[2026-09-04T19:21:20.247+0000] {processor.py:840} INFO - DAG(s) 'datapulse_pipeline' retrieved from /opt/airflow/dags/datapulse_pipeline.py
[2026-09-04T19:21:20.299+0000] {logging_mixin.py:188} INFO - [2026-09-04T19:21:20.299+0000] {dag.py:3089} INFO - Sync 1 DAGs
[2026-09-04T19:21:20.338+0000] {logging_mixin.py:188} INFO - [2026-09-04T19:21:20.337+0000] {dag.py:3947} INFO - Setting next_dagrun for datapulse_pipeline to 2026-09-04 18:00:00+00:00, run_after=2026-09-05 00:00:00+00:00
[2026-09-04T19:21:20.373+0000] {processor.py:183} INFO - Processing /opt/airflow/dags/datapulse_pipeline.py took 0.226 seconds
[2026-09-04T19:21:50.635+0000] {processor.py:161} INFO - Started process (PID=308) to work on /opt/airflow/dags/datapulse_pipeline.py
[2026-09-04T19:21:50.637+0000] {processor.py:830} INFO - Processing file /opt/airflow/dags/datapulse_pipeline.py for tasks to queue
[2026-09-04T19:21:50.640+0000] {logging_mixin.py:188} INFO - [2026-09-04T19:21:50.639+0000] {dagbag.py:545} INFO - Filling up the DagBag from /opt/airflow/dags/datapulse_pipeline.py
[2026-09-04T19:21:50.705+0000] {processor.py:840} INFO - DAG(s) 'datapulse_pipeline' retrieved from /opt/airflow/dags/datapulse_pipeline.py
[2026-09-04T19:21:50.753+0000] {logging_mixin.py:188} INFO - [2026-09-04T19:21:50.753+0000] {dag.py:3089} INFO - Sync 1 DAGs
[2026-09-04T19:21:50.783+0000] {logging_mixin.py:188} INFO - [2026-09-04T19:21:50.783+0000] {dag.py:3947} INFO - Setting next_dagrun for datapulse_pipeline to 2026-09-04 18:00:00+00:00, run_after=2026-09-05 00:00:00+00:00
[2026-09-04T19:21:50.813+0000] {processor.py:183} INFO - Processing /opt/airflow/dags/datapulse_pipeline.py took 0.187 seconds
[2026-09-04T19:22:21.104+0000] {processor.py:161} INFO - Started process (PID=313) to work on /opt/airflow/dags/datapulse_pipeline.py
[2026-09-04T19:22:21.106+0000] {processor.py:830} INFO - Processing file /opt/airflow/dags/datapulse_pipeline.py for tasks to queue
[2026-09-04T19:22:21.109+0000] {logging_mixin.py:188} INFO - [2026-09-04T19:22:21.108+0000] {dagbag.py:545} INFO - Filling up the DagBag from /opt/airflow/dags/datapulse_pipeline.py
[2026-09-04T19:22:21.156+0000] {processor.py:840} INFO - DAG(s) 'datapulse_pipeline' retrieved from /opt/airflow/dags/datapulse_pipeline.py
[2026-09-04T19:22:21.201+0000] {logging_mixin.py:188} INFO - [2026-09-04T19:22:21.201+0000] {dag.py:3089} INFO - Sync 1 DAGs
[2026-09-04T19:22:21.228+0000] {logging_mixin.py:188} INFO - [2026-09-04T19:22:21.228+0000] {dag.py:3947} INFO - Setting next_dagrun for datapulse_pipeline to 2026-09-04 18:00:00+00:00, run_after=2026-09-05 00:00:00+00:00
[2026-09-04T19:22:21.254+0000] {processor.py:183} INFO - Processing /opt/airflow/dags/datapulse_pipeline.py took 0.161 seconds
[2026-09-04T19:22:51.499+0000] {processor.py:161} INFO - Started process (PID=318) to work on /opt/airflow/dags/datapulse_pipeline.py
[2026-09-04T19:22:51.500+0000] {processor.py:830} INFO - Processing file /opt/airflow/dags/datapulse_pipeline.py for tasks to queue
[2026-09-04T19:22:51.502+0000] {logging_mixin.py:188} INFO - [2026-09-04T19:22:51.502+0000] {dagbag.py:545} INFO - Filling up the DagBag from /opt/airflow/dags/datapulse_pipeline.py
[2026-09-04T19:22:51.545+0000] {processor.py:840} INFO - DAG(s) 'datapulse_pipeline' retrieved from /opt/airflow/dags/datapulse_pipeline.py
[2026-09-04T19:22:51.590+0000] {logging_mixin.py:188} INFO - [2026-09-04T19:22:51.590+0000] {dag.py:3089} INFO - Sync 1 DAGs
[2026-09-04T19:22:51.627+0000] {logging_mixin.py:188} INFO - [2026-09-04T19:22:51.627+0000] {dag.py:3947} INFO - Setting next_dagrun for datapulse_pipeline to 2026-09-04 18:00:00+00:00, run_after=2026-09-05 00:00:00+00:00
[2026-09-04T19:22:51.661+0000] {processor.py:183} INFO - Processing /opt/airflow/dags/datapulse_pipeline.py took 0.174 seconds
[2026-09-04T19:23:21.957+0000] {processor.py:161} INFO - Started process (PID=323) to work on /opt/airflow/dags/datapulse_pipeline.py
[2026-09-04T19:23:21.959+0000] {processor.py:830} INFO - Processing file /opt/airflow/dags/datapulse_pipeline.py for tasks to queue
[2026-09-04T19:23:21.962+0000] {logging_mixin.py:188} INFO - [2026-09-04T19:23:21.961+0000] {dagbag.py:545} INFO - Filling up the DagBag from /opt/airflow/dags/datapulse_pipeline.py
[2026-09-04T19:23:22.016+0000] {processor.py:840} INFO - DAG(s) 'datapulse_pipeline' retrieved from /opt/airflow/dags/datapulse_pipeline.py
[2026-09-04T19:23:22.066+0000] {logging_mixin.py:188} INFO - [2026-09-04T19:23:22.066+0000] {dag.py:3089} INFO - Sync 1 DAGs
[2026-09-04T19:23:22.105+0000] {logging_mixin.py:188} INFO - [2026-09-04T19:23:22.105+0000] {dag.py:3947} INFO - Setting next_dagrun for datapulse_pipeline to 2026-09-04 18:00:00+00:00, run_after=2026-09-05 00:00:00+00:00
[2026-09-04T19:23:22.141+0000] {processor.py:183} INFO - Processing /opt/airflow/dags/datapulse_pipeline.py took 0.190 seconds
[2026-09-04T19:23:56.650+0000] {processor.py:161} INFO - Started process (PID=178) to work on /opt/airflow/dags/datapulse_pipeline.py
[2026-09-04T19:23:56.651+0000] {processor.py:830} INFO - Processing file /opt/airflow/dags/datapulse_pipeline.py for tasks to queue
[2026-09-04T19:23:56.653+0000] {logging_mixin.py:188} INFO - [2026-09-04T19:23:56.653+0000] {dagbag.py:545} INFO - Filling up the DagBag from /opt/airflow/dags/datapulse_pipeline.py
[2026-09-04T19:23:56.687+0000] {processor.py:840} INFO - DAG(s) 'datapulse_pipeline' retrieved from /opt/airflow/dags/datapulse_pipeline.py
[2026-09-04T19:23:56.751+0000] {logging_mixin.py:188} INFO - [2026-09-04T19:23:56.751+0000] {dag.py:3089} INFO - Sync 1 DAGs
[2026-09-04T19:23:56.773+0000] {logging_mixin.py:188} INFO - [2026-09-04T19:23:56.773+0000] {dag.py:3947} INFO - Setting next_dagrun for datapulse_pipeline to 2026-09-04 18:00:00+00:00, run_after=2026-09-05 00:00:00+00:00
[2026-09-04T19:23:56.799+0000] {processor.py:183} INFO - Processing /opt/airflow/dags/datapulse_pipeline.py took 0.155 seconds
[2026-09-04T19:24:27.038+0000] {processor.py:161} INFO - Started process (PID=183) to work on /opt/airflow/dags/datapulse_pipeline.py
[2026-09-04T19:24:27.041+0000] {processor.py:830} INFO - Processing file /opt/airflow/dags/datapulse_pipeline.py for tasks to queue
[2026-09-04T19:24:27.048+0000] {logging_mixin.py:188} INFO - [2026-09-04T19:24:27.047+0000] {dagbag.py:545} INFO - Filling up the DagBag from /opt/airflow/dags/datapulse_pipeline.py
[2026-09-04T19:24:27.102+0000] {processor.py:840} INFO - DAG(s) 'datapulse_pipeline' retrieved from /opt/airflow/dags/datapulse_pipeline.py
[2026-09-04T19:24:27.150+0000] {logging_mixin.py:188} INFO - [2026-09-04T19:24:27.149+0000] {dag.py:3089} INFO - Sync 1 DAGs
[2026-09-04T19:24:27.183+0000] {logging_mixin.py:188} INFO - [2026-09-04T19:24:27.182+0000] {dag.py:3947} INFO - Setting next_dagrun for datapulse_pipeline to 2026-09-04 18:00:00+00:00, run_after=2026-09-05 00:00:00+00:00
[2026-09-04T19:24:27.217+0000] {processor.py:183} INFO - Processing /opt/airflow/dags/datapulse_pipeline.py took 0.192 seconds
[2026-09-04T19:24:57.385+0000] {processor.py:161} INFO - Started process (PID=188) to work on /opt/airflow/dags/datapulse_pipeline.py
[2026-09-04T19:24:57.387+0000] {processor.py:830} INFO - Processing file /opt/airflow/dags/datapulse_pipeline.py for tasks to queue
[2026-09-04T19:24:57.391+0000] {logging_mixin.py:188} INFO - [2026-09-04T19:24:57.391+0000] {dagbag.py:545} INFO - Filling up the DagBag from /opt/airflow/dags/datapulse_pipeline.py
[2026-09-04T19:24:57.428+0000] {processor.py:840} INFO - DAG(s) 'datapulse_pipeline' retrieved from /opt/airflow/dags/datapulse_pipeline.py
[2026-09-04T19:24:57.473+0000] {logging_mixin.py:188} INFO - [2026-09-04T19:24:57.473+0000] {dag.py:3089} INFO - Sync 1 DAGs
[2026-09-04T19:24:57.501+0000] {logging_mixin.py:188} INFO - [2026-09-04T19:24:57.500+0000] {dag.py:3947} INFO - Setting next_dagrun for datapulse_pipeline to 2026-09-04 18:00:00+00:00, run_after=2026-09-05 00:00:00+00:00
[2026-09-04T19:24:57.528+0000] {processor.py:183} INFO - Processing /opt/airflow/dags/datapulse_pipeline.py took 0.151 seconds
[2026-09-04T19:25:27.837+0000] {processor.py:161} INFO - Started process (PID=197) to work on /opt/airflow/dags/datapulse_pipeline.py
[2026-09-04T19:25:27.839+0000] {processor.py:830} INFO - Processing file /opt/airflow/dags/datapulse_pipeline.py for tasks to queue
[2026-09-04T19:25:27.842+0000] {logging_mixin.py:188} INFO - [2026-09-04T19:25:27.842+0000] {dagbag.py:545} INFO - Filling up the DagBag from /opt/airflow/dags/datapulse_pipeline.py
[2026-09-04T19:25:27.897+0000] {processor.py:840} INFO - DAG(s) 'datapulse_pipeline' retrieved from /opt/airflow/dags/datapulse_pipeline.py
[2026-09-04T19:25:27.948+0000] {logging_mixin.py:188} INFO - [2026-09-04T19:25:27.948+0000] {dag.py:3089} INFO - Sync 1 DAGs
[2026-09-04T19:25:27.986+0000] {logging_mixin.py:188} INFO - [2026-09-04T19:25:27.986+0000] {dag.py:3947} INFO - Setting next_dagrun for datapulse_pipeline to 2026-09-04 18:00:00+00:00, run_after=2026-09-05 00:00:00+00:00
[2026-09-04T19:25:28.019+0000] {processor.py:183} INFO - Processing /opt/airflow/dags/datapulse_pipeline.py took 0.192 seconds
[2026-09-04T19:25:58.314+0000] {processor.py:161} INFO - Started process (PID=202) to work on /opt/airflow/dags/datapulse_pipeline.py
[2026-09-04T19:25:58.316+0000] {processor.py:830} INFO - Processing file /opt/airflow/dags/datapulse_pipeline.py for tasks to queue
[2026-09-04T19:25:58.319+0000] {logging_mixin.py:188} INFO - [2026-09-04T19:25:58.318+0000] {dagbag.py:545} INFO - Filling up the DagBag from /opt/airflow/dags/datapulse_pipeline.py
[2026-09-04T19:25:58.366+0000] {processor.py:840} INFO - DAG(s) 'datapulse_pipeline' retrieved from /opt/airflow/dags/datapulse_pipeline.py
[2026-09-04T19:25:58.414+0000] {logging_mixin.py:188} INFO - [2026-09-04T19:25:58.413+0000] {dag.py:3089} INFO - Sync 1 DAGs
[2026-09-04T19:25:58.448+0000] {logging_mixin.py:188} INFO - [2026-09-04T19:25:58.447+0000] {dag.py:3947} INFO - Setting next_dagrun for datapulse_pipeline to 2026-09-04 18:00:00+00:00, run_after=2026-09-05 00:00:00+00:00
[2026-09-04T19:25:58.481+0000] {processor.py:183} INFO - Processing /opt/airflow/dags/datapulse_pipeline.py took 0.178 seconds
[2026-09-04T19:26:28.757+0000] {processor.py:161} INFO - Started process (PID=207) to work on /opt/airflow/dags/datapulse_pipeline.py
[2026-09-04T19:26:28.760+0000] {processor.py:830} INFO - Processing file /opt/airflow/dags/datapulse_pipeline.py for tasks to queue
[2026-09-04T19:26:28.763+0000] {logging_mixin.py:188} INFO - [2026-09-04T19:26:28.763+0000] {dagbag.py:545} INFO - Filling up the DagBag from /opt/airflow/dags/datapulse_pipeline.py
[2026-09-04T19:26:28.809+0000] {processor.py:840} INFO - DAG(s) 'datapulse_pipeline' retrieved from /opt/airflow/dags/datapulse_pipeline.py
[2026-09-04T19:26:28.863+0000] {logging_mixin.py:188} INFO - [2026-09-04T19:26:28.863+0000] {dag.py:3089} INFO - Sync 1 DAGs
[2026-09-04T19:26:28.899+0000] {logging_mixin.py:188} INFO - [2026-09-04T19:26:28.899+0000] {dag.py:3947} INFO - Setting next_dagrun for datapulse_pipeline to 2026-09-04 18:00:00+00:00, run_after=2026-09-05 00:00:00+00:00
[2026-09-04T19:26:28.930+0000] {processor.py:183} INFO - Processing /opt/airflow/dags/datapulse_pipeline.py took 0.182 seconds
[2026-09-04T19:26:59.221+0000] {processor.py:161} INFO - Started process (PID=212) to work on /opt/airflow/dags/datapulse_pipeline.py
[2026-09-04T19:26:59.223+0000] {processor.py:830} INFO - Processing file /opt/airflow/dags/datapulse_pipeline.py for tasks to queue
[2026-09-04T19:26:59.226+0000] {logging_mixin.py:188} INFO - [2026-09-04T19:26:59.226+0000] {dagbag.py:545} INFO - Filling up the DagBag from /opt/airflow/dags/datapulse_pipeline.py
[2026-09-04T19:26:59.269+0000] {processor.py:840} INFO - DAG(s) 'datapulse_pipeline' retrieved from /opt/airflow/dags/datapulse_pipeline.py
[2026-09-04T19:26:59.318+0000] {logging_mixin.py:188} INFO - [2026-09-04T19:26:59.318+0000] {dag.py:3089} INFO - Sync 1 DAGs
[2026-09-04T19:26:59.355+0000] {logging_mixin.py:188} INFO - [2026-09-04T19:26:59.355+0000] {dag.py:3947} INFO - Setting next_dagrun for datapulse_pipeline to 2026-09-04 18:00:00+00:00, run_after=2026-09-05 00:00:00+00:00
[2026-09-04T19:26:59.386+0000] {processor.py:183} INFO - Processing /opt/airflow/dags/datapulse_pipeline.py took 0.176 seconds
[2026-09-04T19:27:29.658+0000] {processor.py:161} INFO - Started process (PID=217) to work on /opt/airflow/dags/datapulse_pipeline.py
[2026-09-04T19:27:29.660+0000] {processor.py:830} INFO - Processing file /opt/airflow/dags/datapulse_pipeline.py for tasks to queue
[2026-09-04T19:27:29.663+0000] {logging_mixin.py:188} INFO - [2026-09-04T19:27:29.662+0000] {dagbag.py:545} INFO - Filling up the DagBag from /opt/airflow/dags/datapulse_pipeline.py
[2026-09-04T19:27:29.703+0000] {processor.py:840} INFO - DAG(s) 'datapulse_pipeline' retrieved from /opt/airflow/dags/datapulse_pipeline.py
[2026-09-04T19:27:29.755+0000] {logging_mixin.py:188} INFO - [2026-09-04T19:27:29.755+0000] {dag.py:3089} INFO - Sync 1 DAGs
[2026-09-04T19:27:29.793+0000] {logging_mixin.py:188} INFO - [2026-09-04T19:27:29.793+0000] {dag.py:3947} INFO - Setting next_dagrun for datapulse_pipeline to 2026-09-04 18:00:00+00:00, run_after=2026-09-05 00:00:00+00:00
[2026-09-04T19:27:29.828+0000] {processor.py:183} INFO - Processing /opt/airflow/dags/datapulse_pipeline.py took 0.181 seconds
[2026-09-04T19:27:59.940+0000] {processor.py:161} INFO - Started process (PID=258) to work on /opt/airflow/dags/datapulse_pipeline.py
[2026-09-04T19:27:59.942+0000] {processor.py:830} INFO - Processing file /opt/airflow/dags/datapulse_pipeline.py for tasks to queue
[2026-09-04T19:27:59.946+0000] {logging_mixin.py:188} INFO - [2026-09-04T19:27:59.945+0000] {dagbag.py:545} INFO - Filling up the DagBag from /opt/airflow/dags/datapulse_pipeline.py
[2026-09-04T19:27:59.994+0000] {processor.py:840} INFO - DAG(s) 'datapulse_pipeline' retrieved from /opt/airflow/dags/datapulse_pipeline.py
[2026-09-04T19:28:00.046+0000] {logging_mixin.py:188} INFO - [2026-09-04T19:28:00.046+0000] {dag.py:3089} INFO - Sync 1 DAGs
[2026-09-04T19:28:00.083+0000] {logging_mixin.py:188} INFO - [2026-09-04T19:28:00.082+0000] {dag.py:3947} INFO - Setting next_dagrun for datapulse_pipeline to 2026-09-04 18:00:00+00:00, run_after=2026-09-05 00:00:00+00:00
[2026-09-04T19:28:00.118+0000] {processor.py:183} INFO - Processing /opt/airflow/dags/datapulse_pipeline.py took 0.189 seconds
[2026-09-04T19:28:30.405+0000] {processor.py:161} INFO - Started process (PID=263) to work on /opt/airflow/dags/datapulse_pipeline.py
[2026-09-04T19:28:30.406+0000] {processor.py:830} INFO - Processing file /opt/airflow/dags/datapulse_pipeline.py for tasks to queue
[2026-09-04T19:28:30.408+0000] {logging_mixin.py:188} INFO - [2026-09-04T19:28:30.407+0000] {dagbag.py:545} INFO - Filling up the DagBag from /opt/airflow/dags/datapulse_pipeline.py
[2026-09-04T19:28:30.434+0000] {processor.py:840} INFO - DAG(s) 'datapulse_pipeline' retrieved from /opt/airflow/dags/datapulse_pipeline.py
[2026-09-04T19:28:30.467+0000] {logging_mixin.py:188} INFO - [2026-09-04T19:28:30.467+0000] {dag.py:3089} INFO - Sync 1 DAGs
[2026-09-04T19:28:30.487+0000] {logging_mixin.py:188} INFO - [2026-09-04T19:28:30.487+0000] {dag.py:3947} INFO - Setting next_dagrun for datapulse_pipeline to 2026-09-04 18:00:00+00:00, run_after=2026-09-05 00:00:00+00:00
[2026-09-04T19:28:30.507+0000] {processor.py:183} INFO - Processing /opt/airflow/dags/datapulse_pipeline.py took 0.107 seconds
[2026-09-04T19:29:00.837+0000] {processor.py:161} INFO - Started process (PID=268) to work on /opt/airflow/dags/datapulse_pipeline.py
[2026-09-04T19:29:00.839+0000] {processor.py:830} INFO - Processing file /opt/airflow/dags/datapulse_pipeline.py for tasks to queue
[2026-09-04T19:29:00.844+0000] {logging_mixin.py:188} INFO - [2026-09-04T19:29:00.843+0000] {dagbag.py:545} INFO - Filling up the DagBag from /opt/airflow/dags/datapulse_pipeline.py
[2026-09-04T19:29:00.896+0000] {processor.py:840} INFO - DAG(s) 'datapulse_pipeline' retrieved from /opt/airflow/dags/datapulse_pipeline.py
[2026-09-04T19:29:00.947+0000] {logging_mixin.py:188} INFO - [2026-09-04T19:29:00.947+0000] {dag.py:3089} INFO - Sync 1 DAGs
[2026-09-04T19:29:00.986+0000] {logging_mixin.py:188} INFO - [2026-09-04T19:29:00.986+0000] {dag.py:3947} INFO - Setting next_dagrun for datapulse_pipeline to 2026-09-04 18:00:00+00:00, run_after=2026-09-05 00:00:00+00:00
[2026-09-04T19:29:01.025+0000] {processor.py:183} INFO - Processing /opt/airflow/dags/datapulse_pipeline.py took 0.200 seconds
